2026-07-04T23:08:02: 2026-07-04T15:08:02.455Z ERROR process.start_failed errorName=SyntaxError errorMessage="Unexpected token ':'" stack="/Users/za-stanlexu/my-marketplace-skills/plugins/coding/web-design/config.js:2\n  \"PROJECTS_DIR\": \"/Users/za-stanlexu/Desktop/ff/h/projects\",\n                ^\n\nSyntaxError: Unexpected token ':'\n    at wrapSafe (node:internal/modules/cjs/loader:1692:18)\n    at Module._compile (node:internal/modules/cjs/loader:1735:20)\n    at Object..js (node:internal/modules/cjs/loader:1893:10)\n    at Module.load (node:internal/modules/cjs/loader:1481:32)\n    at Module._load (node:internal/modules/cjs/loader:1300:12)\n    at TracingChannel.traceSync (node:diagnostics_channel:328:14)\n    at wrapModuleLoad (node:internal/modules/cjs/loader:245:24)\n    at Module.require (node:internal/modules/cjs/loader:1504:12)\n    at require (node:internal/modules/helpers:152:16)\n    at Object.<anonymous> (/Users/za-stanlexu/my-marketplace-skills/plugins/coding/web-design/serve/.env.js:1:16)"
2026-07-04T23:08:02: /Users/za-stanlexu/my-marketplace-skills/plugins/coding/web-design/config.js:2
2026-07-04T23:08:02:   "PROJECTS_DIR": "/Users/za-stanlexu/Desktop/ff/h/projects",
2026-07-04T23:08:02:                 ^
2026-07-04T23:08:02: 
2026-07-04T23:08:02: SyntaxError: Unexpected token ':'
2026-07-04T23:08:02:     at wrapSafe (node:internal/modules/cjs/loader:1692:18)
2026-07-04T23:08:02:     at Module._compile (node:internal/modules/cjs/loader:1735:20)
2026-07-04T23:08:02:     at Object..js (node:internal/modules/cjs/loader:1893:10)
2026-07-04T23:08:02:     at Module.load (node:internal/modules/cjs/loader:1481:32)
2026-07-04T23:08:02:     at Module._load (node:internal/modules/cjs/loader:1300:12)
2026-07-04T23:08:02:     at TracingChannel.traceSync (node:diagnostics_channel:328:14)
2026-07-04T23:08:02:     at wrapModuleLoad (node:internal/modules/cjs/loader:245:24)
2026-07-04T23:08:02:     at Module.require (node:internal/modules/cjs/loader:1504:12)
2026-07-04T23:08:02:     at require (node:internal/modules/helpers:152:16)
2026-07-04T23:08:02:     at Object.<anonymous> (/Users/za-stanlexu/my-marketplace-skills/plugins/coding/web-design/serve/.env.js:1:16)
2026-07-04T23:08:02: 2026-07-04T15:08:02.504Z ERROR process.start_failed errorName=SyntaxError errorMessage="Unexpected token ':'" stack="/Users/za-stanlexu/my-marketplace-skills/plugins/coding/web-design/config.js:2\n  \"PROJECTS_DIR\": \"/Users/za-stanlexu/Desktop/ff/h/projects\",\n                ^\n\nSyntaxError: Unexpected token ':'\n    at wrapSafe (node:internal/modules/cjs/loader:1692:18)\n    at Module._compile (node:internal/modules/cjs/loader:1735:20)\n    at Object..js (node:internal/modules/cjs/loader:1893:10)\n    at Module.load (node:internal/modules/cjs/loader:1481:32)\n    at Module._load (node:internal/modules/cjs/loader:1300:12)\n    at TracingChannel.traceSync (node:diagnostics_channel:328:14)\n    at wrapModuleLoad (node:internal/modules/cjs/loader:245:24)\n    at Module.require (node:internal/modules/cjs/loader:1504:12)\n    at require (node:internal/modules/helpers:152:16)\n    at Object.<anonymous> (/Users/za-stanlexu/my-marketplace-skills/plugins/coding/web-design/serve/.env.js:1:16)"
2026-07-04T23:08:02: /Users/za-stanlexu/my-marketplace-skills/plugins/coding/web-design/config.js:2
2026-07-04T23:08:02:   "PROJECTS_DIR": "/Users/za-stanlexu/Desktop/ff/h/projects",
2026-07-04T23:08:02:                 ^
2026-07-04T23:08:02: 
2026-07-04T23:08:02: SyntaxError: Unexpected token ':'
2026-07-04T23:08:02:     at wrapSafe (node:internal/modules/cjs/loader:1692:18)
2026-07-04T23:08:02:     at Module._compile (node:internal/modules/cjs/loader:1735:20)
2026-07-04T23:08:02:     at Object..js (node:internal/modules/cjs/loader:1893:10)
2026-07-04T23:08:02:     at Module.load (node:internal/modules/cjs/loader:1481:32)
2026-07-04T23:08:02:     at Module._load (node:internal/modules/cjs/loader:1300:12)
2026-07-04T23:08:02:     at TracingChannel.traceSync (node:diagnostics_channel:328:14)
2026-07-04T23:08:02:     at wrapModuleLoad (node:internal/modules/cjs/loader:245:24)
2026-07-04T23:08:02:     at Module.require (node:internal/modules/cjs/loader:1504:12)
2026-07-04T23:08:02:     at require (node:internal/modules/helpers:152:16)
2026-07-04T23:08:02:     at Object.<anonymous> (/Users/za-stanlexu/my-marketplace-skills/plugins/coding/web-design/serve/.env.js:1:16)
2026-07-04T23:08:02: 2026-07-04T15:08:02.551Z ERROR process.start_failed errorName=SyntaxError errorMessage="Unexpected token ':'" stack="/Users/za-stanlexu/my-marketplace-skills/plugins/coding/web-design/config.js:2\n  \"PROJECTS_DIR\": \"/Users/za-stanlexu/Desktop/ff/h/projects\",\n                ^\n\nSyntaxError: Unexpected token ':'\n    at wrapSafe (node:internal/modules/cjs/loader:1692:18)\n    at Module._compile (node:internal/modules/cjs/loader:1735:20)\n    at Object..js (node:internal/modules/cjs/loader:1893:10)\n    at Module.load (node:internal/modules/cjs/loader:1481:32)\n    at Module._load (node:internal/modules/cjs/loader:1300:12)\n    at TracingChannel.traceSync (node:diagnostics_channel:328:14)\n    at wrapModuleLoad (node:internal/modules/cjs/loader:245:24)\n    at Module.require (node:internal/modules/cjs/loader:1504:12)\n    at require (node:internal/modules/helpers:152:16)\n    at Object.<anonymous> (/Users/za-stanlexu/my-marketplace-skills/plugins/coding/web-design/serve/.env.js:1:16)"
2026-07-04T23:08:02: /Users/za-stanlexu/my-marketplace-skills/plugins/coding/web-design/config.js:2
2026-07-04T23:08:02:   "PROJECTS_DIR": "/Users/za-stanlexu/Desktop/ff/h/projects",
2026-07-04T23:08:02:                 ^
2026-07-04T23:08:02: 
2026-07-04T23:08:02: SyntaxError: Unexpected token ':'
2026-07-04T23:08:02:     at wrapSafe (node:internal/modules/cjs/loader:1692:18)
2026-07-04T23:08:02:     at Module._compile (node:internal/modules/cjs/loader:1735:20)
2026-07-04T23:08:02:     at Object..js (node:internal/modules/cjs/loader:1893:10)
2026-07-04T23:08:02:     at Module.load (node:internal/modules/cjs/loader:1481:32)
2026-07-04T23:08:02:     at Module._load (node:internal/modules/cjs/loader:1300:12)
2026-07-04T23:08:02:     at TracingChannel.traceSync (node:diagnostics_channel:328:14)
2026-07-04T23:08:02:     at wrapModuleLoad (node:internal/modules/cjs/loader:245:24)
2026-07-04T23:08:02:     at Module.require (node:internal/modules/cjs/loader:1504:12)
2026-07-04T23:08:02:     at require (node:internal/modules/helpers:152:16)
2026-07-04T23:08:02:     at Object.<anonymous> (/Users/za-stanlexu/my-marketplace-skills/plugins/coding/web-design/serve/.env.js:1:16)
2026-07-04T23:08:02: 2026-07-04T15:08:02.597Z ERROR process.start_failed errorName=SyntaxError errorMessage="Unexpected token ':'" stack="/Users/za-stanlexu/my-marketplace-skills/plugins/coding/web-design/config.js:2\n  \"PROJECTS_DIR\": \"/Users/za-stanlexu/Desktop/ff/h/projects\",\n                ^\n\nSyntaxError: Unexpected token ':'\n    at wrapSafe (node:internal/modules/cjs/loader:1692:18)\n    at Module._compile (node:internal/modules/cjs/loader:1735:20)\n    at Object..js (node:internal/modules/cjs/loader:1893:10)\n    at Module.load (node:internal/modules/cjs/loader:1481:32)\n    at Module._load (node:internal/modules/cjs/loader:1300:12)\n    at TracingChannel.traceSync (node:diagnostics_channel:328:14)\n    at wrapModuleLoad (node:internal/modules/cjs/loader:245:24)\n    at Module.require (node:internal/modules/cjs/loader:1504:12)\n    at require (node:internal/modules/helpers:152:16)\n    at Object.<anonymous> (/Users/za-stanlexu/my-marketplace-skills/plugins/coding/web-design/serve/.env.js:1:16)"
2026-07-04T23:08:02: /Users/za-stanlexu/my-marketplace-skills/plugins/coding/web-design/config.js:2
2026-07-04T23:08:02:   "PROJECTS_DIR": "/Users/za-stanlexu/Desktop/ff/h/projects",
2026-07-04T23:08:02:                 ^
2026-07-04T23:08:02: 
2026-07-04T23:08:02: SyntaxError: Unexpected token ':'
2026-07-04T23:08:02:     at wrapSafe (node:internal/modules/cjs/loader:1692:18)
2026-07-04T23:08:02:     at Module._compile (node:internal/modules/cjs/loader:1735:20)
2026-07-04T23:08:02:     at Object..js (node:internal/modules/cjs/loader:1893:10)
2026-07-04T23:08:02:     at Module.load (node:internal/modules/cjs/loader:1481:32)
2026-07-04T23:08:02:     at Module._load (node:internal/modules/cjs/loader:1300:12)
2026-07-04T23:08:02:     at TracingChannel.traceSync (node:diagnostics_channel:328:14)
2026-07-04T23:08:02:     at wrapModuleLoad (node:internal/modules/cjs/loader:245:24)
2026-07-04T23:08:02:     at Module.require (node:internal/modules/cjs/loader:1504:12)
2026-07-04T23:08:02:     at require (node:internal/modules/helpers:152:16)
2026-07-04T23:08:02:     at Object.<anonymous> (/Users/za-stanlexu/my-marketplace-skills/plugins/coding/web-design/serve/.env.js:1:16)
2026-07-04T23:08:02: 2026-07-04T15:08:02.643Z ERROR process.start_failed errorName=SyntaxError errorMessage="Unexpected token ':'" stack="/Users/za-stanlexu/my-marketplace-skills/plugins/coding/web-design/config.js:2\n  \"PROJECTS_DIR\": \"/Users/za-stanlexu/Desktop/ff/h/projects\",\n                ^\n\nSyntaxError: Unexpected token ':'\n    at wrapSafe (node:internal/modules/cjs/loader:1692:18)\n    at Module._compile (node:internal/modules/cjs/loader:1735:20)\n    at Object..js (node:internal/modules/cjs/loader:1893:10)\n    at Module.load (node:internal/modules/cjs/loader:1481:32)\n    at Module._load (node:internal/modules/cjs/loader:1300:12)\n    at TracingChannel.traceSync (node:diagnostics_channel:328:14)\n    at wrapModuleLoad (node:internal/modules/cjs/loader:245:24)\n    at Module.require (node:internal/modules/cjs/loader:1504:12)\n    at require (node:internal/modules/helpers:152:16)\n    at Object.<anonymous> (/Users/za-stanlexu/my-marketplace-skills/plugins/coding/web-design/serve/.env.js:1:16)"
2026-07-04T23:08:02: /Users/za-stanlexu/my-marketplace-skills/plugins/coding/web-design/config.js:2
2026-07-04T23:08:02:   "PROJECTS_DIR": "/Users/za-stanlexu/Desktop/ff/h/projects",
2026-07-04T23:08:02:                 ^
2026-07-04T23:08:02: 
2026-07-04T23:08:02: SyntaxError: Unexpected token ':'
2026-07-04T23:08:02:     at wrapSafe (node:internal/modules/cjs/loader:1692:18)
2026-07-04T23:08:02:     at Module._compile (node:internal/modules/cjs/loader:1735:20)
2026-07-04T23:08:02:     at Object..js (node:internal/modules/cjs/loader:1893:10)
2026-07-04T23:08:02:     at Module.load (node:internal/modules/cjs/loader:1481:32)
2026-07-04T23:08:02:     at Module._load (node:internal/modules/cjs/loader:1300:12)
2026-07-04T23:08:02:     at TracingChannel.traceSync (node:diagnostics_channel:328:14)
2026-07-04T23:08:02:     at wrapModuleLoad (node:internal/modules/cjs/loader:245:24)
2026-07-04T23:08:02:     at Module.require (node:internal/modules/cjs/loader:1504:12)
2026-07-04T23:08:02:     at require (node:internal/modules/helpers:152:16)
2026-07-04T23:08:02:     at Object.<anonymous> (/Users/za-stanlexu/my-marketplace-skills/plugins/coding/web-design/serve/.env.js:1:16)
2026-07-04T23:08:02: 2026-07-04T15:08:02.691Z ERROR process.start_failed errorName=SyntaxError errorMessage="Unexpected token ':'" stack="/Users/za-stanlexu/my-marketplace-skills/plugins/coding/web-design/config.js:2\n  \"PROJECTS_DIR\": \"/Users/za-stanlexu/Desktop/ff/h/projects\",\n                ^\n\nSyntaxError: Unexpected token ':'\n    at wrapSafe (node:internal/modules/cjs/loader:1692:18)\n    at Module._compile (node:internal/modules/cjs/loader:1735:20)\n    at Object..js (node:internal/modules/cjs/loader:1893:10)\n    at Module.load (node:internal/modules/cjs/loader:1481:32)\n    at Module._load (node:internal/modules/cjs/loader:1300:12)\n    at TracingChannel.traceSync (node:diagnostics_channel:328:14)\n    at wrapModuleLoad (node:internal/modules/cjs/loader:245:24)\n    at Module.require (node:internal/modules/cjs/loader:1504:12)\n    at require (node:internal/modules/helpers:152:16)\n    at Object.<anonymous> (/Users/za-stanlexu/my-marketplace-skills/plugins/coding/web-design/serve/.env.js:1:16)"
2026-07-04T23:08:02: /Users/za-stanlexu/my-marketplace-skills/plugins/coding/web-design/config.js:2
2026-07-04T23:08:02:   "PROJECTS_DIR": "/Users/za-stanlexu/Desktop/ff/h/projects",
2026-07-04T23:08:02:                 ^
2026-07-04T23:08:02: 
2026-07-04T23:08:02: SyntaxError: Unexpected token ':'
2026-07-04T23:08:02:     at wrapSafe (node:internal/modules/cjs/loader:1692:18)
2026-07-04T23:08:02:     at Module._compile (node:internal/modules/cjs/loader:1735:20)
2026-07-04T23:08:02:     at Object..js (node:internal/modules/cjs/loader:1893:10)
2026-07-04T23:08:02:     at Module.load (node:internal/modules/cjs/loader:1481:32)
2026-07-04T23:08:02:     at Module._load (node:internal/modules/cjs/loader:1300:12)
2026-07-04T23:08:02:     at TracingChannel.traceSync (node:diagnostics_channel:328:14)
2026-07-04T23:08:02:     at wrapModuleLoad (node:internal/modules/cjs/loader:245:24)
2026-07-04T23:08:02:     at Module.require (node:internal/modules/cjs/loader:1504:12)
2026-07-04T23:08:02:     at require (node:internal/modules/helpers:152:16)
2026-07-04T23:08:02:     at Object.<anonymous> (/Users/za-stanlexu/my-marketplace-skills/plugins/coding/web-design/serve/.env.js:1:16)
2026-07-04T23:08:02: 2026-07-04T15:08:02.747Z ERROR process.start_failed errorName=SyntaxError errorMessage="Unexpected token ':'" stack="/Users/za-stanlexu/my-marketplace-skills/plugins/coding/web-design/config.js:2\n  \"PROJECTS_DIR\": \"/Users/za-stanlexu/Desktop/ff/h/projects\",\n                ^\n\nSyntaxError: Unexpected token ':'\n    at wrapSafe (node:internal/modules/cjs/loader:1692:18)\n    at Module._compile (node:internal/modules/cjs/loader:1735:20)\n    at Object..js (node:internal/modules/cjs/loader:1893:10)\n    at Module.load (node:internal/modules/cjs/loader:1481:32)\n    at Module._load (node:internal/modules/cjs/loader:1300:12)\n    at TracingChannel.traceSync (node:diagnostics_channel:328:14)\n    at wrapModuleLoad (node:internal/modules/cjs/loader:245:24)\n    at Module.require (node:internal/modules/cjs/loader:1504:12)\n    at require (node:internal/modules/helpers:152:16)\n    at Object.<anonymous> (/Users/za-stanlexu/my-marketplace-skills/plugins/coding/web-design/serve/.env.js:1:16)"
2026-07-04T23:08:02: /Users/za-stanlexu/my-marketplace-skills/plugins/coding/web-design/config.js:2
2026-07-04T23:08:02:   "PROJECTS_DIR": "/Users/za-stanlexu/Desktop/ff/h/projects",
2026-07-04T23:08:02:                 ^
2026-07-04T23:08:02: 
2026-07-04T23:08:02: SyntaxError: Unexpected token ':'
2026-07-04T23:08:02:     at wrapSafe (node:internal/modules/cjs/loader:1692:18)
2026-07-04T23:08:02:     at Module._compile (node:internal/modules/cjs/loader:1735:20)
2026-07-04T23:08:02:     at Object..js (node:internal/modules/cjs/loader:1893:10)
2026-07-04T23:08:02:     at Module.load (node:internal/modules/cjs/loader:1481:32)
2026-07-04T23:08:02:     at Module._load (node:internal/modules/cjs/loader:1300:12)
2026-07-04T23:08:02:     at TracingChannel.traceSync (node:diagnostics_channel:328:14)
2026-07-04T23:08:02:     at wrapModuleLoad (node:internal/modules/cjs/loader:245:24)
2026-07-04T23:08:02:     at Module.require (node:internal/modules/cjs/loader:1504:12)
2026-07-04T23:08:02:     at require (node:internal/modules/helpers:152:16)
2026-07-04T23:08:02:     at Object.<anonymous> (/Users/za-stanlexu/my-marketplace-skills/plugins/coding/web-design/serve/.env.js:1:16)
2026-07-04T23:08:02: 2026-07-04T15:08:02.803Z ERROR process.start_failed errorName=SyntaxError errorMessage="Unexpected token ':'" stack="/Users/za-stanlexu/my-marketplace-skills/plugins/coding/web-design/config.js:2\n  \"PROJECTS_DIR\": \"/Users/za-stanlexu/Desktop/ff/h/projects\",\n                ^\n\nSyntaxError: Unexpected token ':'\n    at wrapSafe (node:internal/modules/cjs/loader:1692:18)\n    at Module._compile (node:internal/modules/cjs/loader:1735:20)\n    at Object..js (node:internal/modules/cjs/loader:1893:10)\n    at Module.load (node:internal/modules/cjs/loader:1481:32)\n    at Module._load (node:internal/modules/cjs/loader:1300:12)\n    at TracingChannel.traceSync (node:diagnostics_channel:328:14)\n    at wrapModuleLoad (node:internal/modules/cjs/loader:245:24)\n    at Module.require (node:internal/modules/cjs/loader:1504:12)\n    at require (node:internal/modules/helpers:152:16)\n    at Object.<anonymous> (/Users/za-stanlexu/my-marketplace-skills/plugins/coding/web-design/serve/.env.js:1:16)"
2026-07-04T23:08:02: /Users/za-stanlexu/my-marketplace-skills/plugins/coding/web-design/config.js:2
2026-07-04T23:08:02:   "PROJECTS_DIR": "/Users/za-stanlexu/Desktop/ff/h/projects",
2026-07-04T23:08:02:                 ^
2026-07-04T23:08:02: 
2026-07-04T23:08:02: SyntaxError: Unexpected token ':'
2026-07-04T23:08:02:     at wrapSafe (node:internal/modules/cjs/loader:1692:18)
2026-07-04T23:08:02:     at Module._compile (node:internal/modules/cjs/loader:1735:20)
2026-07-04T23:08:02:     at Object..js (node:internal/modules/cjs/loader:1893:10)
2026-07-04T23:08:02:     at Module.load (node:internal/modules/cjs/loader:1481:32)
2026-07-04T23:08:02:     at Module._load (node:internal/modules/cjs/loader:1300:12)
2026-07-04T23:08:02:     at TracingChannel.traceSync (node:diagnostics_channel:328:14)
2026-07-04T23:08:02:     at wrapModuleLoad (node:internal/modules/cjs/loader:245:24)
2026-07-04T23:08:02:     at Module.require (node:internal/modules/cjs/loader:1504:12)
2026-07-04T23:08:02:     at require (node:internal/modules/helpers:152:16)
2026-07-04T23:08:02:     at Object.<anonymous> (/Users/za-stanlexu/my-marketplace-skills/plugins/coding/web-design/serve/.env.js:1:16)
2026-07-04T23:08:02: 2026-07-04T15:08:02.853Z ERROR process.start_failed errorName=SyntaxError errorMessage="Unexpected token ':'" stack="/Users/za-stanlexu/my-marketplace-skills/plugins/coding/web-design/config.js:2\n  \"PROJECTS_DIR\": \"/Users/za-stanlexu/Desktop/ff/h/projects\",\n                ^\n\nSyntaxError: Unexpected token ':'\n    at wrapSafe (node:internal/modules/cjs/loader:1692:18)\n    at Module._compile (node:internal/modules/cjs/loader:1735:20)\n    at Object..js (node:internal/modules/cjs/loader:1893:10)\n    at Module.load (node:internal/modules/cjs/loader:1481:32)\n    at Module._load (node:internal/modules/cjs/loader:1300:12)\n    at TracingChannel.traceSync (node:diagnostics_channel:328:14)\n    at wrapModuleLoad (node:internal/modules/cjs/loader:245:24)\n    at Module.require (node:internal/modules/cjs/loader:1504:12)\n    at require (node:internal/modules/helpers:152:16)\n    at Object.<anonymous> (/Users/za-stanlexu/my-marketplace-skills/plugins/coding/web-design/serve/.env.js:1:16)"
2026-07-04T23:08:02: /Users/za-stanlexu/my-marketplace-skills/plugins/coding/web-design/config.js:2
2026-07-04T23:08:02:   "PROJECTS_DIR": "/Users/za-stanlexu/Desktop/ff/h/projects",
2026-07-04T23:08:02:                 ^
2026-07-04T23:08:02: 
2026-07-04T23:08:02: SyntaxError: Unexpected token ':'
2026-07-04T23:08:02:     at wrapSafe (node:internal/modules/cjs/loader:1692:18)
2026-07-04T23:08:02:     at Module._compile (node:internal/modules/cjs/loader:1735:20)
2026-07-04T23:08:02:     at Object..js (node:internal/modules/cjs/loader:1893:10)
2026-07-04T23:08:02:     at Module.load (node:internal/modules/cjs/loader:1481:32)
2026-07-04T23:08:02:     at Module._load (node:internal/modules/cjs/loader:1300:12)
2026-07-04T23:08:02:     at TracingChannel.traceSync (node:diagnostics_channel:328:14)
2026-07-04T23:08:02:     at wrapModuleLoad (node:internal/modules/cjs/loader:245:24)
2026-07-04T23:08:02:     at Module.require (node:internal/modules/cjs/loader:1504:12)
2026-07-04T23:08:02:     at require (node:internal/modules/helpers:152:16)
2026-07-04T23:08:02:     at Object.<anonymous> (/Users/za-stanlexu/my-marketplace-skills/plugins/coding/web-design/serve/.env.js:1:16)
2026-07-04T23:08:02: 2026-07-04T15:08:02.902Z ERROR process.start_failed errorName=SyntaxError errorMessage="Unexpected token ':'" stack="/Users/za-stanlexu/my-marketplace-skills/plugins/coding/web-design/config.js:2\n  \"PROJECTS_DIR\": \"/Users/za-stanlexu/Desktop/ff/h/projects\",\n                ^\n\nSyntaxError: Unexpected token ':'\n    at wrapSafe (node:internal/modules/cjs/loader:1692:18)\n    at Module._compile (node:internal/modules/cjs/loader:1735:20)\n    at Object..js (node:internal/modules/cjs/loader:1893:10)\n    at Module.load (node:internal/modules/cjs/loader:1481:32)\n    at Module._load (node:internal/modules/cjs/loader:1300:12)\n    at TracingChannel.traceSync (node:diagnostics_channel:328:14)\n    at wrapModuleLoad (node:internal/modules/cjs/loader:245:24)\n    at Module.require (node:internal/modules/cjs/loader:1504:12)\n    at require (node:internal/modules/helpers:152:16)\n    at Object.<anonymous> (/Users/za-stanlexu/my-marketplace-skills/plugins/coding/web-design/serve/.env.js:1:16)"
2026-07-04T23:08:02: /Users/za-stanlexu/my-marketplace-skills/plugins/coding/web-design/config.js:2
2026-07-04T23:08:02:   "PROJECTS_DIR": "/Users/za-stanlexu/Desktop/ff/h/projects",
2026-07-04T23:08:02:                 ^
2026-07-04T23:08:02: 
2026-07-04T23:08:02: SyntaxError: Unexpected token ':'
2026-07-04T23:08:02:     at wrapSafe (node:internal/modules/cjs/loader:1692:18)
2026-07-04T23:08:02:     at Module._compile (node:internal/modules/cjs/loader:1735:20)
2026-07-04T23:08:02:     at Object..js (node:internal/modules/cjs/loader:1893:10)
2026-07-04T23:08:02:     at Module.load (node:internal/modules/cjs/loader:1481:32)
2026-07-04T23:08:02:     at Module._load (node:internal/modules/cjs/loader:1300:12)
2026-07-04T23:08:02:     at TracingChannel.traceSync (node:diagnostics_channel:328:14)
2026-07-04T23:08:02:     at wrapModuleLoad (node:internal/modules/cjs/loader:245:24)
2026-07-04T23:08:02:     at Module.require (node:internal/modules/cjs/loader:1504:12)
2026-07-04T23:08:02:     at require (node:internal/modules/helpers:152:16)
2026-07-04T23:08:02:     at Object.<anonymous> (/Users/za-stanlexu/my-marketplace-skills/plugins/coding/web-design/serve/.env.js:1:16)
2026-07-05T21:12:19: 2026-07-05T13:12:19.050Z ERROR request.failed requestId=b4e8e02e-ec64-448a-8751-1d3c174c97a9 method=GET path=/userinfo routeType=sso-proxy errorName=TypeError errorMessage="fetch failed" stack="TypeError: fetch failed\n    at node:internal/deps/undici/undici:16416:13\n    at process.processTicksAndRejections (node:internal/process/task_queues:103:5)\n    at async Server.handler (/Users/za-stanlexu/my-marketplace-skills/plugins/coding/web-design/serve/gateway.js:1063:26)"
2026-07-06T11:14:18: 2026-07-06T03:14:18.282Z ERROR process.start_failed errorName=SyntaxError errorMessage="Invalid or unexpected token" stack="/Users/za-stanlexu/my-marketplace-skills/plugins/coding/web-design/serve/.env.js:22\n    # ucOrigin: \"https://aigc-test.zhonganonline.com\",\n    ^\n\nSyntaxError: Invalid or unexpected token\n    at wrapSafe (node:internal/modules/cjs/loader:1692:18)\n    at Module._compile (node:internal/modules/cjs/loader:1735:20)\n    at Object..js (node:internal/modules/cjs/loader:1893:10)\n    at Module.load (node:internal/modules/cjs/loader:1481:32)\n    at Module._load (node:internal/modules/cjs/loader:1300:12)\n    at TracingChannel.traceSync (node:diagnostics_channel:328:14)\n    at wrapModuleLoad (node:internal/modules/cjs/loader:245:24)\n    at Module.require (node:internal/modules/cjs/loader:1504:12)\n    at require (node:internal/modules/helpers:152:16)\n    at loadJsConfig (/Users/za-stanlexu/my-marketplace-skills/plugins/coding/web-design/serve/serve-config.js:10:10)"
2026-07-06T11:14:18: /Users/za-stanlexu/my-marketplace-skills/plugins/coding/web-design/serve/.env.js:22
2026-07-06T11:14:18:     # ucOrigin: "https://aigc-test.zhonganonline.com",
2026-07-06T11:14:18:     ^
2026-07-06T11:14:18: 
2026-07-06T11:14:18: SyntaxError: Invalid or unexpected token
2026-07-06T11:14:18:     at wrapSafe (node:internal/modules/cjs/loader:1692:18)
2026-07-06T11:14:18:     at Module._compile (node:internal/modules/cjs/loader:1735:20)
2026-07-06T11:14:18:     at Object..js (node:internal/modules/cjs/loader:1893:10)
2026-07-06T11:14:18:     at Module.load (node:internal/modules/cjs/loader:1481:32)
2026-07-06T11:14:18:     at Module._load (node:internal/modules/cjs/loader:1300:12)
2026-07-06T11:14:18:     at TracingChannel.traceSync (node:diagnostics_channel:328:14)
2026-07-06T11:14:18:     at wrapModuleLoad (node:internal/modules/cjs/loader:245:24)
2026-07-06T11:14:18:     at Module.require (node:internal/modules/cjs/loader:1504:12)
2026-07-06T11:14:18:     at require (node:internal/modules/helpers:152:16)
2026-07-06T11:14:18:     at loadJsConfig (/Users/za-stanlexu/my-marketplace-skills/plugins/coding/web-design/serve/serve-config.js:10:10)
2026-07-06T11:14:18: 2026-07-06T03:14:18.328Z ERROR process.start_failed errorName=SyntaxError errorMessage="Invalid or unexpected token" stack="/Users/za-stanlexu/my-marketplace-skills/plugins/coding/web-design/serve/.env.js:22\n    # ucOrigin: \"https://aigc-test.zhonganonline.com\",\n    ^\n\nSyntaxError: Invalid or unexpected token\n    at wrapSafe (node:internal/modules/cjs/loader:1692:18)\n    at Module._compile (node:internal/modules/cjs/loader:1735:20)\n    at Object..js (node:internal/modules/cjs/loader:1893:10)\n    at Module.load (node:internal/modules/cjs/loader:1481:32)\n    at Module._load (node:internal/modules/cjs/loader:1300:12)\n    at TracingChannel.traceSync (node:diagnostics_channel:328:14)\n    at wrapModuleLoad (node:internal/modules/cjs/loader:245:24)\n    at Module.require (node:internal/modules/cjs/loader:1504:12)\n    at require (node:internal/modules/helpers:152:16)\n    at loadJsConfig (/Users/za-stanlexu/my-marketplace-skills/plugins/coding/web-design/serve/serve-config.js:10:10)"
2026-07-06T11:14:18: /Users/za-stanlexu/my-marketplace-skills/plugins/coding/web-design/serve/.env.js:22
2026-07-06T11:14:18:     # ucOrigin: "https://aigc-test.zhonganonline.com",
2026-07-06T11:14:18:     ^
2026-07-06T11:14:18: 
2026-07-06T11:14:18: SyntaxError: Invalid or unexpected token
2026-07-06T11:14:18:     at wrapSafe (node:internal/modules/cjs/loader:1692:18)
2026-07-06T11:14:18:     at Module._compile (node:internal/modules/cjs/loader:1735:20)
2026-07-06T11:14:18:     at Object..js (node:internal/modules/cjs/loader:1893:10)
2026-07-06T11:14:18:     at Module.load (node:internal/modules/cjs/loader:1481:32)
2026-07-06T11:14:18:     at Module._load (node:internal/modules/cjs/loader:1300:12)
2026-07-06T11:14:18:     at TracingChannel.traceSync (node:diagnostics_channel:328:14)
2026-07-06T11:14:18:     at wrapModuleLoad (node:internal/modules/cjs/loader:245:24)
2026-07-06T11:14:18:     at Module.require (node:internal/modules/cjs/loader:1504:12)
2026-07-06T11:14:18:     at require (node:internal/modules/helpers:152:16)
2026-07-06T11:14:18:     at loadJsConfig (/Users/za-stanlexu/my-marketplace-skills/plugins/coding/web-design/serve/serve-config.js:10:10)
2026-07-06T11:14:18: 2026-07-06T03:14:18.377Z ERROR process.start_failed errorName=SyntaxError errorMessage="Invalid or unexpected token" stack="/Users/za-stanlexu/my-marketplace-skills/plugins/coding/web-design/serve/.env.js:22\n    # ucOrigin: \"https://aigc-test.zhonganonline.com\",\n    ^\n\nSyntaxError: Invalid or unexpected token\n    at wrapSafe (node:internal/modules/cjs/loader:1692:18)\n    at Module._compile (node:internal/modules/cjs/loader:1735:20)\n    at Object..js (node:internal/modules/cjs/loader:1893:10)\n    at Module.load (node:internal/modules/cjs/loader:1481:32)\n    at Module._load (node:internal/modules/cjs/loader:1300:12)\n    at TracingChannel.traceSync (node:diagnostics_channel:328:14)\n    at wrapModuleLoad (node:internal/modules/cjs/loader:245:24)\n    at Module.require (node:internal/modules/cjs/loader:1504:12)\n    at require (node:internal/modules/helpers:152:16)\n    at loadJsConfig (/Users/za-stanlexu/my-marketplace-skills/plugins/coding/web-design/serve/serve-config.js:10:10)"
2026-07-06T11:14:18: /Users/za-stanlexu/my-marketplace-skills/plugins/coding/web-design/serve/.env.js:22
2026-07-06T11:14:18:     # ucOrigin: "https://aigc-test.zhonganonline.com",
2026-07-06T11:14:18:     ^
2026-07-06T11:14:18: 
2026-07-06T11:14:18: SyntaxError: Invalid or unexpected token
2026-07-06T11:14:18:     at wrapSafe (node:internal/modules/cjs/loader:1692:18)
2026-07-06T11:14:18:     at Module._compile (node:internal/modules/cjs/loader:1735:20)
2026-07-06T11:14:18:     at Object..js (node:internal/modules/cjs/loader:1893:10)
2026-07-06T11:14:18:     at Module.load (node:internal/modules/cjs/loader:1481:32)
2026-07-06T11:14:18:     at Module._load (node:internal/modules/cjs/loader:1300:12)
2026-07-06T11:14:18:     at TracingChannel.traceSync (node:diagnostics_channel:328:14)
2026-07-06T11:14:18:     at wrapModuleLoad (node:internal/modules/cjs/loader:245:24)
2026-07-06T11:14:18:     at Module.require (node:internal/modules/cjs/loader:1504:12)
2026-07-06T11:14:18:     at require (node:internal/modules/helpers:152:16)
2026-07-06T11:14:18:     at loadJsConfig (/Users/za-stanlexu/my-marketplace-skills/plugins/coding/web-design/serve/serve-config.js:10:10)
2026-07-06T11:14:18: 2026-07-06T03:14:18.426Z ERROR process.start_failed errorName=SyntaxError errorMessage="Invalid or unexpected token" stack="/Users/za-stanlexu/my-marketplace-skills/plugins/coding/web-design/serve/.env.js:22\n    # ucOrigin: \"https://aigc-test.zhonganonline.com\",\n    ^\n\nSyntaxError: Invalid or unexpected token\n    at wrapSafe (node:internal/modules/cjs/loader:1692:18)\n    at Module._compile (node:internal/modules/cjs/loader:1735:20)\n    at Object..js (node:internal/modules/cjs/loader:1893:10)\n    at Module.load (node:internal/modules/cjs/loader:1481:32)\n    at Module._load (node:internal/modules/cjs/loader:1300:12)\n    at TracingChannel.traceSync (node:diagnostics_channel:328:14)\n    at wrapModuleLoad (node:internal/modules/cjs/loader:245:24)\n    at Module.require (node:internal/modules/cjs/loader:1504:12)\n    at require (node:internal/modules/helpers:152:16)\n    at loadJsConfig (/Users/za-stanlexu/my-marketplace-skills/plugins/coding/web-design/serve/serve-config.js:10:10)"
2026-07-06T11:14:18: /Users/za-stanlexu/my-marketplace-skills/plugins/coding/web-design/serve/.env.js:22
2026-07-06T11:14:18:     # ucOrigin: "https://aigc-test.zhonganonline.com",
2026-07-06T11:14:18:     ^
2026-07-06T11:14:18: 
2026-07-06T11:14:18: SyntaxError: Invalid or unexpected token
2026-07-06T11:14:18:     at wrapSafe (node:internal/modules/cjs/loader:1692:18)
2026-07-06T11:14:18:     at Module._compile (node:internal/modules/cjs/loader:1735:20)
2026-07-06T11:14:18:     at Object..js (node:internal/modules/cjs/loader:1893:10)
2026-07-06T11:14:18:     at Module.load (node:internal/modules/cjs/loader:1481:32)
2026-07-06T11:14:18:     at Module._load (node:internal/modules/cjs/loader:1300:12)
2026-07-06T11:14:18:     at TracingChannel.traceSync (node:diagnostics_channel:328:14)
2026-07-06T11:14:18:     at wrapModuleLoad (node:internal/modules/cjs/loader:245:24)
2026-07-06T11:14:18:     at Module.require (node:internal/modules/cjs/loader:1504:12)
2026-07-06T11:14:18:     at require (node:internal/modules/helpers:152:16)
2026-07-06T11:14:18:     at loadJsConfig (/Users/za-stanlexu/my-marketplace-skills/plugins/coding/web-design/serve/serve-config.js:10:10)
2026-07-06T11:14:18: 2026-07-06T03:14:18.475Z ERROR process.start_failed errorName=SyntaxError errorMessage="Invalid or unexpected token" stack="/Users/za-stanlexu/my-marketplace-skills/plugins/coding/web-design/serve/.env.js:22\n    # ucOrigin: \"https://aigc-test.zhonganonline.com\",\n    ^\n\nSyntaxError: Invalid or unexpected token\n    at wrapSafe (node:internal/modules/cjs/loader:1692:18)\n    at Module._compile (node:internal/modules/cjs/loader:1735:20)\n    at Object..js (node:internal/modules/cjs/loader:1893:10)\n    at Module.load (node:internal/modules/cjs/loader:1481:32)\n    at Module._load (node:internal/modules/cjs/loader:1300:12)\n    at TracingChannel.traceSync (node:diagnostics_channel:328:14)\n    at wrapModuleLoad (node:internal/modules/cjs/loader:245:24)\n    at Module.require (node:internal/modules/cjs/loader:1504:12)\n    at require (node:internal/modules/helpers:152:16)\n    at loadJsConfig (/Users/za-stanlexu/my-marketplace-skills/plugins/coding/web-design/serve/serve-config.js:10:10)"
2026-07-06T11:14:18: /Users/za-stanlexu/my-marketplace-skills/plugins/coding/web-design/serve/.env.js:22
2026-07-06T11:14:18:     # ucOrigin: "https://aigc-test.zhonganonline.com",
2026-07-06T11:14:18:     ^
2026-07-06T11:14:18: 
2026-07-06T11:14:18: SyntaxError: Invalid or unexpected token
2026-07-06T11:14:18:     at wrapSafe (node:internal/modules/cjs/loader:1692:18)
2026-07-06T11:14:18:     at Module._compile (node:internal/modules/cjs/loader:1735:20)
2026-07-06T11:14:18:     at Object..js (node:internal/modules/cjs/loader:1893:10)
2026-07-06T11:14:18:     at Module.load (node:internal/modules/cjs/loader:1481:32)
2026-07-06T11:14:18:     at Module._load (node:internal/modules/cjs/loader:1300:12)
2026-07-06T11:14:18:     at TracingChannel.traceSync (node:diagnostics_channel:328:14)
2026-07-06T11:14:18:     at wrapModuleLoad (node:internal/modules/cjs/loader:245:24)
2026-07-06T11:14:18:     at Module.require (node:internal/modules/cjs/loader:1504:12)
2026-07-06T11:14:18:     at require (node:internal/modules/helpers:152:16)
2026-07-06T11:14:18:     at loadJsConfig (/Users/za-stanlexu/my-marketplace-skills/plugins/coding/web-design/serve/serve-config.js:10:10)
2026-07-06T11:14:18: 2026-07-06T03:14:18.521Z ERROR process.start_failed errorName=SyntaxError errorMessage="Invalid or unexpected token" stack="/Users/za-stanlexu/my-marketplace-skills/plugins/coding/web-design/serve/.env.js:22\n    # ucOrigin: \"https://aigc-test.zhonganonline.com\",\n    ^\n\nSyntaxError: Invalid or unexpected token\n    at wrapSafe (node:internal/modules/cjs/loader:1692:18)\n    at Module._compile (node:internal/modules/cjs/loader:1735:20)\n    at Object..js (node:internal/modules/cjs/loader:1893:10)\n    at Module.load (node:internal/modules/cjs/loader:1481:32)\n    at Module._load (node:internal/modules/cjs/loader:1300:12)\n    at TracingChannel.traceSync (node:diagnostics_channel:328:14)\n    at wrapModuleLoad (node:internal/modules/cjs/loader:245:24)\n    at Module.require (node:internal/modules/cjs/loader:1504:12)\n    at require (node:internal/modules/helpers:152:16)\n    at loadJsConfig (/Users/za-stanlexu/my-marketplace-skills/plugins/coding/web-design/serve/serve-config.js:10:10)"
2026-07-06T11:14:18: /Users/za-stanlexu/my-marketplace-skills/plugins/coding/web-design/serve/.env.js:22
2026-07-06T11:14:18:     # ucOrigin: "https://aigc-test.zhonganonline.com",
2026-07-06T11:14:18:     ^
2026-07-06T11:14:18: 
2026-07-06T11:14:18: SyntaxError: Invalid or unexpected token
2026-07-06T11:14:18:     at wrapSafe (node:internal/modules/cjs/loader:1692:18)
2026-07-06T11:14:18:     at Module._compile (node:internal/modules/cjs/loader:1735:20)
2026-07-06T11:14:18:     at Object..js (node:internal/modules/cjs/loader:1893:10)
2026-07-06T11:14:18:     at Module.load (node:internal/modules/cjs/loader:1481:32)
2026-07-06T11:14:18:     at Module._load (node:internal/modules/cjs/loader:1300:12)
2026-07-06T11:14:18:     at TracingChannel.traceSync (node:diagnostics_channel:328:14)
2026-07-06T11:14:18:     at wrapModuleLoad (node:internal/modules/cjs/loader:245:24)
2026-07-06T11:14:18:     at Module.require (node:internal/modules/cjs/loader:1504:12)
2026-07-06T11:14:18:     at require (node:internal/modules/helpers:152:16)
2026-07-06T11:14:18:     at loadJsConfig (/Users/za-stanlexu/my-marketplace-skills/plugins/coding/web-design/serve/serve-config.js:10:10)
2026-07-06T11:14:18: 2026-07-06T03:14:18.569Z ERROR process.start_failed errorName=SyntaxError errorMessage="Invalid or unexpected token" stack="/Users/za-stanlexu/my-marketplace-skills/plugins/coding/web-design/serve/.env.js:22\n    # ucOrigin: \"https://aigc-test.zhonganonline.com\",\n    ^\n\nSyntaxError: Invalid or unexpected token\n    at wrapSafe (node:internal/modules/cjs/loader:1692:18)\n    at Module._compile (node:internal/modules/cjs/loader:1735:20)\n    at Object..js (node:internal/modules/cjs/loader:1893:10)\n    at Module.load (node:internal/modules/cjs/loader:1481:32)\n    at Module._load (node:internal/modules/cjs/loader:1300:12)\n    at TracingChannel.traceSync (node:diagnostics_channel:328:14)\n    at wrapModuleLoad (node:internal/modules/cjs/loader:245:24)\n    at Module.require (node:internal/modules/cjs/loader:1504:12)\n    at require (node:internal/modules/helpers:152:16)\n    at loadJsConfig (/Users/za-stanlexu/my-marketplace-skills/plugins/coding/web-design/serve/serve-config.js:10:10)"
2026-07-06T11:14:18: /Users/za-stanlexu/my-marketplace-skills/plugins/coding/web-design/serve/.env.js:22
2026-07-06T11:14:18:     # ucOrigin: "https://aigc-test.zhonganonline.com",
2026-07-06T11:14:18:     ^
2026-07-06T11:14:18: 
2026-07-06T11:14:18: SyntaxError: Invalid or unexpected token
2026-07-06T11:14:18:     at wrapSafe (node:internal/modules/cjs/loader:1692:18)
2026-07-06T11:14:18:     at Module._compile (node:internal/modules/cjs/loader:1735:20)
2026-07-06T11:14:18:     at Object..js (node:internal/modules/cjs/loader:1893:10)
2026-07-06T11:14:18:     at Module.load (node:internal/modules/cjs/loader:1481:32)
2026-07-06T11:14:18:     at Module._load (node:internal/modules/cjs/loader:1300:12)
2026-07-06T11:14:18:     at TracingChannel.traceSync (node:diagnostics_channel:328:14)
2026-07-06T11:14:18:     at wrapModuleLoad (node:internal/modules/cjs/loader:245:24)
2026-07-06T11:14:18:     at Module.require (node:internal/modules/cjs/loader:1504:12)
2026-07-06T11:14:18:     at require (node:internal/modules/helpers:152:16)
2026-07-06T11:14:18:     at loadJsConfig (/Users/za-stanlexu/my-marketplace-skills/plugins/coding/web-design/serve/serve-config.js:10:10)
2026-07-06T11:14:18: 2026-07-06T03:14:18.614Z ERROR process.start_failed errorName=SyntaxError errorMessage="Invalid or unexpected token" stack="/Users/za-stanlexu/my-marketplace-skills/plugins/coding/web-design/serve/.env.js:22\n    # ucOrigin: \"https://aigc-test.zhonganonline.com\",\n    ^\n\nSyntaxError: Invalid or unexpected token\n    at wrapSafe (node:internal/modules/cjs/loader:1692:18)\n    at Module._compile (node:internal/modules/cjs/loader:1735:20)\n    at Object..js (node:internal/modules/cjs/loader:1893:10)\n    at Module.load (node:internal/modules/cjs/loader:1481:32)\n    at Module._load (node:internal/modules/cjs/loader:1300:12)\n    at TracingChannel.traceSync (node:diagnostics_channel:328:14)\n    at wrapModuleLoad (node:internal/modules/cjs/loader:245:24)\n    at Module.require (node:internal/modules/cjs/loader:1504:12)\n    at require (node:internal/modules/helpers:152:16)\n    at loadJsConfig (/Users/za-stanlexu/my-marketplace-skills/plugins/coding/web-design/serve/serve-config.js:10:10)"
2026-07-06T11:14:18: /Users/za-stanlexu/my-marketplace-skills/plugins/coding/web-design/serve/.env.js:22
2026-07-06T11:14:18:     # ucOrigin: "https://aigc-test.zhonganonline.com",
2026-07-06T11:14:18:     ^
2026-07-06T11:14:18: 
2026-07-06T11:14:18: SyntaxError: Invalid or unexpected token
2026-07-06T11:14:18:     at wrapSafe (node:internal/modules/cjs/loader:1692:18)
2026-07-06T11:14:18:     at Module._compile (node:internal/modules/cjs/loader:1735:20)
2026-07-06T11:14:18:     at Object..js (node:internal/modules/cjs/loader:1893:10)
2026-07-06T11:14:18:     at Module.load (node:internal/modules/cjs/loader:1481:32)
2026-07-06T11:14:18:     at Module._load (node:internal/modules/cjs/loader:1300:12)
2026-07-06T11:14:18:     at TracingChannel.traceSync (node:diagnostics_channel:328:14)
2026-07-06T11:14:18:     at wrapModuleLoad (node:internal/modules/cjs/loader:245:24)
2026-07-06T11:14:18:     at Module.require (node:internal/modules/cjs/loader:1504:12)
2026-07-06T11:14:18:     at require (node:internal/modules/helpers:152:16)
2026-07-06T11:14:18:     at loadJsConfig (/Users/za-stanlexu/my-marketplace-skills/plugins/coding/web-design/serve/serve-config.js:10:10)
2026-07-06T11:14:18: 2026-07-06T03:14:18.661Z ERROR process.start_failed errorName=SyntaxError errorMessage="Invalid or unexpected token" stack="/Users/za-stanlexu/my-marketplace-skills/plugins/coding/web-design/serve/.env.js:22\n    # ucOrigin: \"https://aigc-test.zhonganonline.com\",\n    ^\n\nSyntaxError: Invalid or unexpected token\n    at wrapSafe (node:internal/modules/cjs/loader:1692:18)\n    at Module._compile (node:internal/modules/cjs/loader:1735:20)\n    at Object..js (node:internal/modules/cjs/loader:1893:10)\n    at Module.load (node:internal/modules/cjs/loader:1481:32)\n    at Module._load (node:internal/modules/cjs/loader:1300:12)\n    at TracingChannel.traceSync (node:diagnostics_channel:328:14)\n    at wrapModuleLoad (node:internal/modules/cjs/loader:245:24)\n    at Module.require (node:internal/modules/cjs/loader:1504:12)\n    at require (node:internal/modules/helpers:152:16)\n    at loadJsConfig (/Users/za-stanlexu/my-marketplace-skills/plugins/coding/web-design/serve/serve-config.js:10:10)"
2026-07-06T11:14:18: /Users/za-stanlexu/my-marketplace-skills/plugins/coding/web-design/serve/.env.js:22
2026-07-06T11:14:18:     # ucOrigin: "https://aigc-test.zhonganonline.com",
2026-07-06T11:14:18:     ^
2026-07-06T11:14:18: 
2026-07-06T11:14:18: SyntaxError: Invalid or unexpected token
2026-07-06T11:14:18:     at wrapSafe (node:internal/modules/cjs/loader:1692:18)
2026-07-06T11:14:18:     at Module._compile (node:internal/modules/cjs/loader:1735:20)
2026-07-06T11:14:18:     at Object..js (node:internal/modules/cjs/loader:1893:10)
2026-07-06T11:14:18:     at Module.load (node:internal/modules/cjs/loader:1481:32)
2026-07-06T11:14:18:     at Module._load (node:internal/modules/cjs/loader:1300:12)
2026-07-06T11:14:18:     at TracingChannel.traceSync (node:diagnostics_channel:328:14)
2026-07-06T11:14:18:     at wrapModuleLoad (node:internal/modules/cjs/loader:245:24)
2026-07-06T11:14:18:     at Module.require (node:internal/modules/cjs/loader:1504:12)
2026-07-06T11:14:18:     at require (node:internal/modules/helpers:152:16)
2026-07-06T11:14:18:     at loadJsConfig (/Users/za-stanlexu/my-marketplace-skills/plugins/coding/web-design/serve/serve-config.js:10:10)
2026-07-06T11:14:18: 2026-07-06T03:14:18.710Z ERROR process.start_failed errorName=SyntaxError errorMessage="Invalid or unexpected token" stack="/Users/za-stanlexu/my-marketplace-skills/plugins/coding/web-design/serve/.env.js:22\n    # ucOrigin: \"https://aigc-test.zhonganonline.com\",\n    ^\n\nSyntaxError: Invalid or unexpected token\n    at wrapSafe (node:internal/modules/cjs/loader:1692:18)\n    at Module._compile (node:internal/modules/cjs/loader:1735:20)\n    at Object..js (node:internal/modules/cjs/loader:1893:10)\n    at Module.load (node:internal/modules/cjs/loader:1481:32)\n    at Module._load (node:internal/modules/cjs/loader:1300:12)\n    at TracingChannel.traceSync (node:diagnostics_channel:328:14)\n    at wrapModuleLoad (node:internal/modules/cjs/loader:245:24)\n    at Module.require (node:internal/modules/cjs/loader:1504:12)\n    at require (node:internal/modules/helpers:152:16)\n    at loadJsConfig (/Users/za-stanlexu/my-marketplace-skills/plugins/coding/web-design/serve/serve-config.js:10:10)"
2026-07-06T11:14:18: /Users/za-stanlexu/my-marketplace-skills/plugins/coding/web-design/serve/.env.js:22
2026-07-06T11:14:18:     # ucOrigin: "https://aigc-test.zhonganonline.com",
2026-07-06T11:14:18:     ^
2026-07-06T11:14:18: 
2026-07-06T11:14:18: SyntaxError: Invalid or unexpected token
2026-07-06T11:14:18:     at wrapSafe (node:internal/modules/cjs/loader:1692:18)
2026-07-06T11:14:18:     at Module._compile (node:internal/modules/cjs/loader:1735:20)
2026-07-06T11:14:18:     at Object..js (node:internal/modules/cjs/loader:1893:10)
2026-07-06T11:14:18:     at Module.load (node:internal/modules/cjs/loader:1481:32)
2026-07-06T11:14:18:     at Module._load (node:internal/modules/cjs/loader:1300:12)
2026-07-06T11:14:18:     at TracingChannel.traceSync (node:diagnostics_channel:328:14)
2026-07-06T11:14:18:     at wrapModuleLoad (node:internal/modules/cjs/loader:245:24)
2026-07-06T11:14:18:     at Module.require (node:internal/modules/cjs/loader:1504:12)
2026-07-06T11:14:18:     at require (node:internal/modules/helpers:152:16)
2026-07-06T11:14:18:     at loadJsConfig (/Users/za-stanlexu/my-marketplace-skills/plugins/coding/web-design/serve/serve-config.js:10:10)
2026-07-06T11:26:23: Error: listen EADDRINUSE: address already in use 127.0.0.1:4173
2026-07-06T11:26:23:     at Server.setupListenHandle [as _listen2] (node:net:1940:16)
2026-07-06T11:26:23:     at listenInCluster (node:net:1997:12)
2026-07-06T11:26:23:     at node:net:2206:7
2026-07-06T11:26:23:     at process.processTicksAndRejections (node:internal/process/task_queues:89:21) {
2026-07-06T11:26:23:   code: 'EADDRINUSE',
2026-07-06T11:26:23:   errno: -48,
2026-07-06T11:26:23:   syscall: 'listen',
2026-07-06T11:26:23:   address: '127.0.0.1',
2026-07-06T11:26:23:   port: 4173
2026-07-06T11:26:23: }
2026-07-06T11:26:23: Error: listen EADDRINUSE: address already in use 127.0.0.1:4173
2026-07-06T11:26:23:     at Server.setupListenHandle [as _listen2] (node:net:1940:16)
2026-07-06T11:26:23:     at listenInCluster (node:net:1997:12)
2026-07-06T11:26:23:     at node:net:2206:7
2026-07-06T11:26:23:     at process.processTicksAndRejections (node:internal/process/task_queues:89:21) {
2026-07-06T11:26:23:   code: 'EADDRINUSE',
2026-07-06T11:26:23:   errno: -48,
2026-07-06T11:26:23:   syscall: 'listen',
2026-07-06T11:26:23:   address: '127.0.0.1',
2026-07-06T11:26:23:   port: 4173
2026-07-06T11:26:23: }
2026-07-06T11:26:23: Error: listen EADDRINUSE: address already in use 127.0.0.1:4173
2026-07-06T11:26:23:     at Server.setupListenHandle [as _listen2] (node:net:1940:16)
2026-07-06T11:26:23:     at listenInCluster (node:net:1997:12)
2026-07-06T11:26:23:     at node:net:2206:7
2026-07-06T11:26:23:     at process.processTicksAndRejections (node:internal/process/task_queues:89:21) {
2026-07-06T11:26:23:   code: 'EADDRINUSE',
2026-07-06T11:26:23:   errno: -48,
2026-07-06T11:26:23:   syscall: 'listen',
2026-07-06T11:26:23:   address: '127.0.0.1',
2026-07-06T11:26:23:   port: 4173
2026-07-06T11:26:23: }
2026-07-06T11:26:23: Error: listen EADDRINUSE: address already in use 127.0.0.1:4173
2026-07-06T11:26:23:     at Server.setupListenHandle [as _listen2] (node:net:1940:16)
2026-07-06T11:26:23:     at listenInCluster (node:net:1997:12)
2026-07-06T11:26:23:     at node:net:2206:7
2026-07-06T11:26:23:     at process.processTicksAndRejections (node:internal/process/task_queues:89:21) {
2026-07-06T11:26:23:   code: 'EADDRINUSE',
2026-07-06T11:26:23:   errno: -48,
2026-07-06T11:26:23:   syscall: 'listen',
2026-07-06T11:26:23:   address: '127.0.0.1',
2026-07-06T11:26:23:   port: 4173
2026-07-06T11:26:23: }
2026-07-06T11:26:23: Error: listen EADDRINUSE: address already in use 127.0.0.1:4173
2026-07-06T11:26:23:     at Server.setupListenHandle [as _listen2] (node:net:1940:16)
2026-07-06T11:26:23:     at listenInCluster (node:net:1997:12)
2026-07-06T11:26:23:     at node:net:2206:7
2026-07-06T11:26:23:     at process.processTicksAndRejections (node:internal/process/task_queues:89:21) {
2026-07-06T11:26:23:   code: 'EADDRINUSE',
2026-07-06T11:26:23:   errno: -48,
2026-07-06T11:26:23:   syscall: 'listen',
2026-07-06T11:26:23:   address: '127.0.0.1',
2026-07-06T11:26:23:   port: 4173
2026-07-06T11:26:23: }
2026-07-06T11:26:23: Error: listen EADDRINUSE: address already in use 127.0.0.1:4173
2026-07-06T11:26:23:     at Server.setupListenHandle [as _listen2] (node:net:1940:16)
2026-07-06T11:26:23:     at listenInCluster (node:net:1997:12)
2026-07-06T11:26:23:     at node:net:2206:7
2026-07-06T11:26:23:     at process.processTicksAndRejections (node:internal/process/task_queues:89:21) {
2026-07-06T11:26:23:   code: 'EADDRINUSE',
2026-07-06T11:26:23:   errno: -48,
2026-07-06T11:26:23:   syscall: 'listen',
2026-07-06T11:26:23:   address: '127.0.0.1',
2026-07-06T11:26:23:   port: 4173
2026-07-06T11:26:23: }
2026-07-06T11:26:23: Error: listen EADDRINUSE: address already in use 127.0.0.1:4173
2026-07-06T11:26:23:     at Server.setupListenHandle [as _listen2] (node:net:1940:16)
2026-07-06T11:26:23:     at listenInCluster (node:net:1997:12)
2026-07-06T11:26:23:     at node:net:2206:7
2026-07-06T11:26:23:     at process.processTicksAndRejections (node:internal/process/task_queues:89:21) {
2026-07-06T11:26:23:   code: 'EADDRINUSE',
2026-07-06T11:26:23:   errno: -48,
2026-07-06T11:26:23:   syscall: 'listen',
2026-07-06T11:26:23:   address: '127.0.0.1',
2026-07-06T11:26:23:   port: 4173
2026-07-06T11:26:23: }
2026-07-06T11:26:23: Error: listen EADDRINUSE: address already in use 127.0.0.1:4173
2026-07-06T11:26:23:     at Server.setupListenHandle [as _listen2] (node:net:1940:16)
2026-07-06T11:26:23:     at listenInCluster (node:net:1997:12)
2026-07-06T11:26:23:     at node:net:2206:7
2026-07-06T11:26:23:     at process.processTicksAndRejections (node:internal/process/task_queues:89:21) {
2026-07-06T11:26:23:   code: 'EADDRINUSE',
2026-07-06T11:26:23:   errno: -48,
2026-07-06T11:26:23:   syscall: 'listen',
2026-07-06T11:26:23:   address: '127.0.0.1',
2026-07-06T11:26:23:   port: 4173
2026-07-06T11:26:23: }
2026-07-06T11:26:23: Error: listen EADDRINUSE: address already in use 127.0.0.1:4173
2026-07-06T11:26:23:     at Server.setupListenHandle [as _listen2] (node:net:1940:16)
2026-07-06T11:26:23:     at listenInCluster (node:net:1997:12)
2026-07-06T11:26:23:     at node:net:2206:7
2026-07-06T11:26:23:     at process.processTicksAndRejections (node:internal/process/task_queues:89:21) {
2026-07-06T11:26:23:   code: 'EADDRINUSE',
2026-07-06T11:26:23:   errno: -48,
2026-07-06T11:26:23:   syscall: 'listen',
2026-07-06T11:26:23:   address: '127.0.0.1',
2026-07-06T11:26:23:   port: 4173
2026-07-06T11:26:23: }
2026-07-06T11:26:23: Error: listen EADDRINUSE: address already in use 127.0.0.1:4173
2026-07-06T11:26:23:     at Server.setupListenHandle [as _listen2] (node:net:1940:16)
2026-07-06T11:26:23:     at listenInCluster (node:net:1997:12)
2026-07-06T11:26:23:     at node:net:2206:7
2026-07-06T11:26:23:     at process.processTicksAndRejections (node:internal/process/task_queues:89:21) {
2026-07-06T11:26:23:   code: 'EADDRINUSE',
2026-07-06T11:26:23:   errno: -48,
2026-07-06T11:26:23:   syscall: 'listen',
2026-07-06T11:26:23:   address: '127.0.0.1',
2026-07-06T11:26:23:   port: 4173
2026-07-06T11:26:23: }
