2026-07-06T16:11:00: 2026-07-06T08:11:00.386Z INFO proxy.completed requestId=35e32494-2fad-4053-b7d3-e24d6c513eba method=GET path=/__plugin/share/search-users upstreamOrigin=http://localhost:8080 targetPath=/api/botWeb/admin/uc/user?username=za statusCode=200 durationMs=946
2026-07-06T16:11:00: 2026-07-06T08:11:00.387Z INFO request.completed requestId=35e32494-2fad-4053-b7d3-e24d6c513eba method=GET path=/__plugin/share/search-users statusCode=200 durationMs=947 routeType=plugin-share
2026-07-06T16:11:00: 2026-07-06T08:11:00.899Z INFO proxy.completed requestId=207b6f5f-6dd0-4b8d-a8ac-2ac90ee29110 method=GET path=/__plugin/share/search-users upstreamOrigin=http://localhost:8080 targetPath=/api/botWeb/admin/uc/user?username=za statusCode=200 durationMs=510
2026-07-06T16:11:00: 2026-07-06T08:11:00.899Z INFO request.completed requestId=207b6f5f-6dd0-4b8d-a8ac-2ac90ee29110 method=GET path=/__plugin/share/search-users statusCode=200 durationMs=510 routeType=plugin-share
2026-07-06T16:11:02: 2026-07-06T08:11:02.819Z INFO proxy.completed requestId=8aacafe8-ea81-44aa-bfda-1be1d33c00a2 method=GET path=/__plugin/share/search-users upstreamOrigin=http://localhost:8080 targetPath=/api/botWeb/admin/uc/user?username=za-rongjie statusCode=200 durationMs=301
2026-07-06T16:11:02: 2026-07-06T08:11:02.820Z INFO request.completed requestId=8aacafe8-ea81-44aa-bfda-1be1d33c00a2 method=GET path=/__plugin/share/search-users statusCode=200 durationMs=302 routeType=plugin-share
2026-07-06T16:11:03: 2026-07-06T08:11:03.750Z INFO proxy.completed requestId=e6b421f0-6414-4073-abe1-2cca6bc6557e method=GET path=/__plugin/share/search-users upstreamOrigin=http://localhost:8080 targetPath=/api/botWeb/admin/uc/user?username=za-rongjie001 statusCode=200 durationMs=215
2026-07-06T16:11:03: 2026-07-06T08:11:03.751Z INFO request.completed requestId=e6b421f0-6414-4073-abe1-2cca6bc6557e method=GET path=/__plugin/share/search-users statusCode=200 durationMs=216 routeType=plugin-share
2026-07-06T16:11:26: 2026-07-06T08:11:26.741Z INFO proxy.completed requestId=4a8f1026-29e0-40a0-8af8-7c7fa91b0368 method=GET path=/__plugin/share/config upstreamOrigin=http://localhost:8080 targetPath=/api/app-center/projects/PROJ1a27aaee2706ff54/share statusCode=200 durationMs=236
2026-07-06T16:11:26: 2026-07-06T08:11:26.741Z INFO request.completed requestId=4a8f1026-29e0-40a0-8af8-7c7fa91b0368 method=GET path=/__plugin/share/config statusCode=200 durationMs=236 routeType=plugin-share
2026-07-06T16:11:28: 2026-07-06T08:11:28.662Z INFO proxy.completed requestId=0e8fd761-e50e-4d3a-8066-e50753c23301 method=GET path=/__plugin/share/search-users upstreamOrigin=http://localhost:8080 targetPath=/api/botWeb/admin/uc/user?username=za statusCode=200 durationMs=395
2026-07-06T16:11:28: 2026-07-06T08:11:28.663Z INFO request.completed requestId=0e8fd761-e50e-4d3a-8066-e50753c23301 method=GET path=/__plugin/share/search-users statusCode=200 durationMs=396 routeType=plugin-share
2026-07-06T16:11:30: 2026-07-06T08:11:30.827Z INFO proxy.completed requestId=e820c3f0-a7b5-4d0a-bf2f-20dd9f2185be method=GET path=/__plugin/share/search-users upstreamOrigin=http://localhost:8080 targetPath=/api/botWeb/admin/uc/user?username=za-stanleyxu statusCode=200 durationMs=335
2026-07-06T16:11:30: 2026-07-06T08:11:30.827Z INFO request.completed requestId=e820c3f0-a7b5-4d0a-bf2f-20dd9f2185be method=GET path=/__plugin/share/search-users statusCode=200 durationMs=335 routeType=plugin-share
2026-07-06T16:11:41: 2026-07-06T08:11:41.806Z INFO proxy.completed requestId=d391a5d5-d19a-48b4-93ea-ea8d051e2847 method=GET path=/__plugin/share/search-users upstreamOrigin=http://localhost:8080 targetPath=/api/botWeb/admin/uc/user?username=za statusCode=200 durationMs=479
2026-07-06T16:11:41: 2026-07-06T08:11:41.807Z INFO request.completed requestId=d391a5d5-d19a-48b4-93ea-ea8d051e2847 method=GET path=/__plugin/share/search-users statusCode=200 durationMs=480 routeType=plugin-share
2026-07-06T16:11:41: 2026-07-06T08:11:41.948Z INFO proxy.completed requestId=30d1fb70-0a8b-4140-9ab6-af882ad3d533 method=GET path=/__plugin/share/search-users upstreamOrigin=http://localhost:8080 targetPath=/api/botWeb/admin/uc/user?username=za- statusCode=200 durationMs=283
2026-07-06T16:11:41: 2026-07-06T08:11:41.949Z INFO request.completed requestId=30d1fb70-0a8b-4140-9ab6-af882ad3d533 method=GET path=/__plugin/share/search-users statusCode=200 durationMs=284 routeType=plugin-share
2026-07-06T16:11:43: 2026-07-06T08:11:43.195Z INFO proxy.completed requestId=0b51c8b9-b31e-46da-9d88-307b27b61a51 method=GET path=/__plugin/share/search-users upstreamOrigin=http://localhost:8080 targetPath=/api/botWeb/admin/uc/user?username=za-rongjie statusCode=200 durationMs=386
2026-07-06T16:11:43: 2026-07-06T08:11:43.195Z INFO request.completed requestId=0b51c8b9-b31e-46da-9d88-307b27b61a51 method=GET path=/__plugin/share/search-users statusCode=200 durationMs=386 routeType=plugin-share
2026-07-06T16:11:43: 2026-07-06T08:11:43.753Z INFO proxy.completed requestId=bee034f9-d431-49fa-84a9-e7debde7c2d9 method=GET path=/__plugin/share/search-users upstreamOrigin=http://localhost:8080 targetPath=/api/botWeb/admin/uc/user?username=za-rongjie001 statusCode=200 durationMs=260
2026-07-06T16:11:43: 2026-07-06T08:11:43.754Z INFO request.completed requestId=bee034f9-d431-49fa-84a9-e7debde7c2d9 method=GET path=/__plugin/share/search-users statusCode=200 durationMs=261 routeType=plugin-share
2026-07-06T16:11:53: 2026-07-06T08:11:53.368Z INFO proxy.completed requestId=422ad0ab-43f9-4623-bd41-2df21ed719f3 method=GET path=/__plugin/share/search-users upstreamOrigin=http://localhost:8080 targetPath=/api/botWeb/admin/uc/user?username=za-r statusCode=200 durationMs=432
2026-07-06T16:11:53: 2026-07-06T08:11:53.369Z INFO request.completed requestId=422ad0ab-43f9-4623-bd41-2df21ed719f3 method=GET path=/__plugin/share/search-users statusCode=200 durationMs=434 routeType=plugin-share
2026-07-06T16:11:53: 2026-07-06T08:11:53.680Z INFO proxy.completed requestId=fdac3679-3502-4696-b49f-b399e5b594fa method=GET path=/__plugin/share/search-users upstreamOrigin=http://localhost:8080 targetPath=/api/botWeb/admin/uc/user?username=za- statusCode=200 durationMs=257
2026-07-06T16:11:53: 2026-07-06T08:11:53.680Z INFO request.completed requestId=fdac3679-3502-4696-b49f-b399e5b594fa method=GET path=/__plugin/share/search-users statusCode=200 durationMs=257 routeType=plugin-share
2026-07-06T16:11:54: 2026-07-06T08:11:54.720Z INFO proxy.completed requestId=627a97fa-6840-44d8-bf91-794df3319e6b method=GET path=/__plugin/share/search-users upstreamOrigin=http://localhost:8080 targetPath=/api/botWeb/admin/uc/user?username=za-wang statusCode=200 durationMs=255
2026-07-06T16:11:54: 2026-07-06T08:11:54.720Z INFO request.completed requestId=627a97fa-6840-44d8-bf91-794df3319e6b method=GET path=/__plugin/share/search-users statusCode=200 durationMs=255 routeType=plugin-share
2026-07-06T16:11:55: 2026-07-06T08:11:55.242Z INFO proxy.completed requestId=a882979e-9d84-4228-bb11-4dd45da31619 method=GET path=/__plugin/share/search-users upstreamOrigin=http://localhost:8080 targetPath=/api/botWeb/admin/uc/user?username=za-wanglei statusCode=200 durationMs=215
2026-07-06T16:11:55: 2026-07-06T08:11:55.243Z INFO request.completed requestId=a882979e-9d84-4228-bb11-4dd45da31619 method=GET path=/__plugin/share/search-users statusCode=200 durationMs=216 routeType=plugin-share
2026-07-06T16:11:57: 2026-07-06T08:11:57.093Z INFO proxy.completed requestId=c4553668-ce00-455c-a35c-5770149169d4 method=GET path=/__plugin/share/search-users upstreamOrigin=http://localhost:8080 targetPath=/api/botWeb/admin/uc/user?username=za-wanglei0 statusCode=200 durationMs=184
2026-07-06T16:11:57: 2026-07-06T08:11:57.093Z INFO request.completed requestId=c4553668-ce00-455c-a35c-5770149169d4 method=GET path=/__plugin/share/search-users statusCode=200 durationMs=184 routeType=plugin-share
2026-07-06T16:11:57: 2026-07-06T08:11:57.708Z INFO proxy.completed requestId=3388f521-e561-4490-bd71-62ccddd7cd7b method=GET path=/__plugin/share/search-users upstreamOrigin=http://localhost:8080 targetPath=/api/botWeb/admin/uc/user?username=za-wanglei001 statusCode=200 durationMs=200
2026-07-06T16:11:57: 2026-07-06T08:11:57.708Z INFO request.completed requestId=3388f521-e561-4490-bd71-62ccddd7cd7b method=GET path=/__plugin/share/search-users statusCode=200 durationMs=200 routeType=plugin-share
2026-07-06T16:12:04: 2026-07-06T08:12:04.352Z INFO proxy.completed requestId=082f0e57-5421-4791-935a-0196aef12ab8 method=GET path=/__plugin/share/search-users upstreamOrigin=http://localhost:8080 targetPath=/api/botWeb/admin/uc/user?username=za-wanglei statusCode=200 durationMs=438
2026-07-06T16:12:04: 2026-07-06T08:12:04.353Z INFO request.completed requestId=082f0e57-5421-4791-935a-0196aef12ab8 method=GET path=/__plugin/share/search-users statusCode=200 durationMs=439 routeType=plugin-share
2026-07-06T16:12:11: 2026-07-06T08:12:11.551Z INFO proxy.completed requestId=2c339bb3-701f-4462-b97b-cc1e59e9ba60 method=GET path=/__plugin/share/search-users upstreamOrigin=http://localhost:8080 targetPath=/api/botWeb/admin/uc/user?username=wanglei statusCode=200 durationMs=390
2026-07-06T16:12:11: 2026-07-06T08:12:11.551Z INFO request.completed requestId=2c339bb3-701f-4462-b97b-cc1e59e9ba60 method=GET path=/__plugin/share/search-users statusCode=200 durationMs=390 routeType=plugin-share
2026-07-06T16:12:47: 2026-07-06T08:12:47.886Z INFO proxy.completed requestId=2b0beed9-f2ef-47a7-873a-49c04a050866 method=GET path=/__plugin/share/config upstreamOrigin=http://localhost:8080 targetPath=/api/app-center/projects/PROJ1a27aaee2706ff54/share statusCode=200 durationMs=330
2026-07-06T16:12:47: 2026-07-06T08:12:47.886Z INFO request.completed requestId=2b0beed9-f2ef-47a7-873a-49c04a050866 method=GET path=/__plugin/share/config statusCode=200 durationMs=330 routeType=plugin-share
2026-07-06T16:12:50: 2026-07-06T08:12:50.719Z INFO proxy.completed requestId=8e7ecc41-3de4-4290-b808-19c59cc4d0a8 method=GET path=/__plugin/share/search-users upstreamOrigin=http://localhost:8080 targetPath=/api/botWeb/admin/uc/user?username=d statusCode=200 durationMs=382
2026-07-06T16:12:50: 2026-07-06T08:12:50.719Z INFO request.completed requestId=8e7ecc41-3de4-4290-b808-19c59cc4d0a8 method=GET path=/__plugin/share/search-users statusCode=200 durationMs=382 routeType=plugin-share
2026-07-06T16:12:51: 2026-07-06T08:12:51.404Z INFO proxy.completed requestId=ef19a4ad-6068-46f4-817c-12d37db35907 method=GET path=/__plugin/share/search-users upstreamOrigin=http://localhost:8080 targetPath=/api/botWeb/admin/uc/user?username=za statusCode=200 durationMs=286
2026-07-06T16:12:51: 2026-07-06T08:12:51.405Z INFO request.completed requestId=ef19a4ad-6068-46f4-817c-12d37db35907 method=GET path=/__plugin/share/search-users statusCode=200 durationMs=287 routeType=plugin-share
2026-07-06T16:12:52: 2026-07-06T08:12:52.927Z INFO proxy.completed requestId=fa69c315-17f3-4e40-af96-62fa0336f5f2 method=GET path=/__plugin/share/search-users upstreamOrigin=http://localhost:8080 targetPath=/api/botWeb/admin/uc/user?username=za-dinglei statusCode=200 durationMs=194
2026-07-06T16:12:52: 2026-07-06T08:12:52.928Z INFO request.completed requestId=fa69c315-17f3-4e40-af96-62fa0336f5f2 method=GET path=/__plugin/share/search-users statusCode=200 durationMs=196 routeType=plugin-share
2026-07-06T16:12:55: 2026-07-06T08:12:55.212Z INFO proxy.completed requestId=00638530-5543-4e5c-b4d4-b406bd8b0abc method=GET path=/__plugin/share/search-users upstreamOrigin=http://localhost:8080 targetPath=/api/botWeb/admin/uc/user?username=za-ding statusCode=200 durationMs=201
2026-07-06T16:12:55: 2026-07-06T08:12:55.212Z INFO request.completed requestId=00638530-5543-4e5c-b4d4-b406bd8b0abc method=GET path=/__plugin/share/search-users statusCode=200 durationMs=201 routeType=plugin-share
2026-07-06T16:12:56: 2026-07-06T08:12:56.322Z INFO proxy.completed requestId=ea281e11-98ad-48b0-901e-cc696b286512 method=GET path=/__plugin/share/search-users upstreamOrigin=http://localhost:8080 targetPath=/api/botWeb/admin/uc/user?username=za-dinlei statusCode=200 durationMs=394
2026-07-06T16:12:56: 2026-07-06T08:12:56.322Z INFO request.completed requestId=ea281e11-98ad-48b0-901e-cc696b286512 method=GET path=/__plugin/share/search-users statusCode=200 durationMs=394 routeType=plugin-share
2026-07-06T16:12:57: 2026-07-06T08:12:57.678Z INFO proxy.completed requestId=d72b1e61-723f-4b87-bbc4-c7f718bba0fb method=GET path=/__plugin/share/search-users upstreamOrigin=http://localhost:8080 targetPath=/api/botWeb/admin/uc/user?username=za-dinle statusCode=200 durationMs=182
2026-07-06T16:12:57: 2026-07-06T08:12:57.679Z INFO request.completed requestId=d72b1e61-723f-4b87-bbc4-c7f718bba0fb method=GET path=/__plugin/share/search-users statusCode=200 durationMs=183 routeType=plugin-share
2026-07-06T16:13:02: 2026-07-06T08:13:02.743Z INFO proxy.completed requestId=309feed2-16fa-4c1a-9445-bebce5267147 method=GET path=/__plugin/share/search-users upstreamOrigin=http://localhost:8080 targetPath=/api/botWeb/admin/uc/user?username=za statusCode=200 durationMs=641
2026-07-06T16:13:02: 2026-07-06T08:13:02.744Z INFO request.completed requestId=309feed2-16fa-4c1a-9445-bebce5267147 method=GET path=/__plugin/share/search-users statusCode=200 durationMs=642 routeType=plugin-share
2026-07-06T16:13:02: 2026-07-06T08:13:02.889Z INFO proxy.completed requestId=c176a0d8-7564-4882-9534-6a76e87849f3 method=GET path=/__plugin/share/search-users upstreamOrigin=http://localhost:8080 targetPath=/api/botWeb/admin/uc/user?username=za- statusCode=200 durationMs=236
2026-07-06T16:13:02: 2026-07-06T08:13:02.889Z INFO request.completed requestId=c176a0d8-7564-4882-9534-6a76e87849f3 method=GET path=/__plugin/share/search-users statusCode=200 durationMs=236 routeType=plugin-share
2026-07-06T16:13:03: 2026-07-06T08:13:03.589Z INFO proxy.completed requestId=436725a0-4a21-4f52-b18f-fa963bed266c method=GET path=/__plugin/share/search-users upstreamOrigin=http://localhost:8080 targetPath=/api/botWeb/admin/uc/user?username=za-zhang statusCode=200 durationMs=226
2026-07-06T16:13:03: 2026-07-06T08:13:03.593Z INFO request.completed requestId=436725a0-4a21-4f52-b18f-fa963bed266c method=GET path=/__plugin/share/search-users statusCode=200 durationMs=230 routeType=plugin-share
2026-07-06T16:13:03: 2026-07-06T08:13:03.935Z INFO proxy.completed requestId=bbbf5663-09c7-47be-ba84-d2d7b7a267ae method=GET path=/__plugin/share/search-users upstreamOrigin=http://localhost:8080 targetPath=/api/botWeb/admin/uc/user?username=za-zhangc statusCode=200 durationMs=210
2026-07-06T16:13:03: 2026-07-06T08:13:03.935Z INFO request.completed requestId=bbbf5663-09c7-47be-ba84-d2d7b7a267ae method=GET path=/__plugin/share/search-users statusCode=200 durationMs=210 routeType=plugin-share
2026-07-06T16:13:04: 2026-07-06T08:13:04.983Z INFO proxy.completed requestId=c13ca921-0ea9-440b-bb87-6a86c50514bc method=GET path=/__plugin/share/search-users upstreamOrigin=http://localhost:8080 targetPath=/api/botWeb/admin/uc/user?username=za-zhangchong statusCode=200 durationMs=280
2026-07-06T16:13:04: 2026-07-06T08:13:04.983Z INFO request.completed requestId=c13ca921-0ea9-440b-bb87-6a86c50514bc method=GET path=/__plugin/share/search-users statusCode=200 durationMs=281 routeType=plugin-share
2026-07-06T16:13:08: 2026-07-06T08:13:08.986Z INFO proxy.completed requestId=a5cb6eba-b4f0-4f5e-a533-5cb64d05716d method=GET path=/__plugin/share/search-users upstreamOrigin=http://localhost:8080 targetPath=/api/botWeb/admin/uc/user?username=za-zhangchon statusCode=200 durationMs=484
2026-07-06T16:13:08: 2026-07-06T08:13:08.987Z INFO request.completed requestId=a5cb6eba-b4f0-4f5e-a533-5cb64d05716d method=GET path=/__plugin/share/search-users statusCode=200 durationMs=485 routeType=plugin-share
2026-07-06T16:13:10: 2026-07-06T08:13:10.406Z INFO proxy.completed requestId=8f004f7d-1908-4b3c-a72f-53ed327589a4 method=GET path=/__plugin/share/search-users upstreamOrigin=http://localhost:8080 targetPath=/api/botWeb/admin/uc/user?username=z statusCode=200 durationMs=204
2026-07-06T16:13:10: 2026-07-06T08:13:10.408Z INFO request.completed requestId=8f004f7d-1908-4b3c-a72f-53ed327589a4 method=GET path=/__plugin/share/search-users statusCode=200 durationMs=206 routeType=plugin-share
2026-07-06T16:13:11: 2026-07-06T08:13:11.447Z INFO proxy.completed requestId=bfac2735-586f-4cef-8aaf-9da4fac070bd method=GET path=/__plugin/share/search-users upstreamOrigin=http://localhost:8080 targetPath=/api/botWeb/admin/uc/user?username=za statusCode=200 durationMs=237
2026-07-06T16:13:11: 2026-07-06T08:13:11.448Z INFO request.completed requestId=bfac2735-586f-4cef-8aaf-9da4fac070bd method=GET path=/__plugin/share/search-users statusCode=200 durationMs=238 routeType=plugin-share
2026-07-06T16:13:12: 2026-07-06T08:13:12.851Z INFO proxy.completed requestId=72bfbbcf-cf43-4550-92a5-9194b420c99c method=GET path=/__plugin/share/search-users upstreamOrigin=http://localhost:8080 targetPath=/api/botWeb/admin/uc/user?username=za-stanle statusCode=200 durationMs=177
2026-07-06T16:13:12: 2026-07-06T08:13:12.852Z INFO request.completed requestId=72bfbbcf-cf43-4550-92a5-9194b420c99c method=GET path=/__plugin/share/search-users statusCode=200 durationMs=178 routeType=plugin-share
2026-07-06T16:13:14: 2026-07-06T08:13:14.070Z INFO proxy.completed requestId=116bacf3-467d-435d-b7ab-bd6aeb9a135c method=GET path=/__plugin/share/search-users upstreamOrigin=http://localhost:8080 targetPath=/api/botWeb/admin/uc/user?username=za-stanleyxu statusCode=200 durationMs=313
2026-07-06T16:13:14: 2026-07-06T08:13:14.071Z INFO request.completed requestId=116bacf3-467d-435d-b7ab-bd6aeb9a135c method=GET path=/__plugin/share/search-users statusCode=200 durationMs=314 routeType=plugin-share
2026-07-06T16:13:16: 2026-07-06T08:13:16.521Z INFO proxy.completed requestId=448b01a8-b860-4fea-9cf9-acd5ba974bb0 method=GET path=/__plugin/share/search-users upstreamOrigin=http://localhost:8080 targetPath=/api/botWeb/admin/uc/user?username=za-stanleyx statusCode=200 durationMs=434
2026-07-06T16:13:16: 2026-07-06T08:13:16.522Z INFO request.completed requestId=448b01a8-b860-4fea-9cf9-acd5ba974bb0 method=GET path=/__plugin/share/search-users statusCode=200 durationMs=435 routeType=plugin-share
2026-07-06T16:13:17: 2026-07-06T08:13:17.444Z INFO proxy.completed requestId=4c5b892e-4f89-476b-af2f-c32747d10bf7 method=GET path=/__plugin/share/search-users upstreamOrigin=http://localhost:8080 targetPath=/api/botWeb/admin/uc/user?username=za statusCode=200 durationMs=193
2026-07-06T16:13:17: 2026-07-06T08:13:17.444Z INFO request.completed requestId=4c5b892e-4f89-476b-af2f-c32747d10bf7 method=GET path=/__plugin/share/search-users statusCode=200 durationMs=193 routeType=plugin-share
2026-07-06T16:13:19: 2026-07-06T08:13:19.328Z INFO proxy.completed requestId=24dd42d3-7c9e-4261-a501-b9de875b3837 method=GET path=/__plugin/share/search-users upstreamOrigin=http://localhost:8080 targetPath=/api/botWeb/admin/uc/user?username=za-rongjie statusCode=200 durationMs=318
2026-07-06T16:13:19: 2026-07-06T08:13:19.328Z INFO request.completed requestId=24dd42d3-7c9e-4261-a501-b9de875b3837 method=GET path=/__plugin/share/search-users statusCode=200 durationMs=318 routeType=plugin-share
2026-07-06T16:13:19: 2026-07-06T08:13:19.862Z INFO proxy.completed requestId=11e08623-5b85-4514-8805-42484ef2d5f3 method=GET path=/__plugin/share/search-users upstreamOrigin=http://localhost:8080 targetPath=/api/botWeb/admin/uc/user?username=za-rongjie001 statusCode=200 durationMs=224
2026-07-06T16:13:19: 2026-07-06T08:13:19.862Z INFO request.completed requestId=11e08623-5b85-4514-8805-42484ef2d5f3 method=GET path=/__plugin/share/search-users statusCode=200 durationMs=225 routeType=plugin-share
2026-07-06T16:13:25: 2026-07-06T08:13:25.955Z INFO proxy.completed requestId=e4d18592-996d-4729-be42-7db650196e54 method=GET path=/__plugin/share/search-users upstreamOrigin=http://localhost:8080 targetPath=/api/botWeb/admin/uc/user?username=za-rongjie statusCode=200 durationMs=342
2026-07-06T16:13:25: 2026-07-06T08:13:25.957Z INFO request.completed requestId=e4d18592-996d-4729-be42-7db650196e54 method=GET path=/__plugin/share/search-users statusCode=200 durationMs=344 routeType=plugin-share
2026-07-06T16:13:27: 2026-07-06T08:13:27.666Z INFO proxy.completed requestId=15e64832-ffed-4095-822e-40827d0ae17a method=GET path=/__plugin/share/search-users upstreamOrigin=http://localhost:8080 targetPath=/api/botWeb/admin/uc/user?username=za-rongji statusCode=200 durationMs=315
2026-07-06T16:13:27: 2026-07-06T08:13:27.666Z INFO request.completed requestId=15e64832-ffed-4095-822e-40827d0ae17a method=GET path=/__plugin/share/search-users statusCode=200 durationMs=315 routeType=plugin-share
2026-07-06T16:13:28: 2026-07-06T08:13:28.895Z INFO proxy.completed requestId=cf2c899c-547c-49ab-86cd-5581c8742be7 method=GET path=/__plugin/share/search-users upstreamOrigin=http://localhost:8080 targetPath=/api/botWeb/admin/uc/user?username=z statusCode=200 durationMs=458
2026-07-06T16:13:28: 2026-07-06T08:13:28.896Z INFO request.completed requestId=cf2c899c-547c-49ab-86cd-5581c8742be7 method=GET path=/__plugin/share/search-users statusCode=200 durationMs=459 routeType=plugin-share
2026-07-06T16:14:04: 2026-07-06T08:14:04.488Z INFO proxy.completed requestId=f0dcce5b-475a-4e19-a19c-6117e737cc0e method=POST path=/__plugin/share/submit upstreamOrigin=http://localhost:8080 targetPath=/api/app-center/projects/PROJ1a27aaee2706ff54/share statusCode=200 durationMs=354
2026-07-06T16:14:04: 2026-07-06T08:14:04.493Z INFO request.completed requestId=f0dcce5b-475a-4e19-a19c-6117e737cc0e method=POST path=/__plugin/share/submit statusCode=200 durationMs=360 routeType=plugin-share
2026-07-06T16:45:36: 2026-07-06T08:45:36.549Z INFO process.shutdown_requested signal=SIGTERM_OR_SIGINT
2026-07-06T16:45:36: 2026-07-06T08:45:36.551Z INFO gateway.stopped host=127.0.0.1 port=4173
2026-07-06T16:45:36: 2026-07-06T08:45:36.749Z INFO gateway.started host=127.0.0.1 port=4173 projectsDir=/Users/za-stanlexu/Desktop/ff/h/projects
2026-07-06T16:45:36: 2026-07-06T08:45:36.750Z INFO gateway.apps_available appCount=2 apps=[{"appId":"PROJ1a27aaee2706ff54","appName":"afternoon-greeting","url":"http://127.0.0.1:4173/apps/PROJ1a27aaee2706ff54/"},{"appId":"PROJf83506c9af0b4eb2","appName":"quote-page","url":"http://127.0.0.1:4173/apps/PROJf83506c9af0b4eb2/"}]
2026-07-06T16:45:36: 2026-07-06T08:45:36.750Z INFO process.ready url=http://127.0.0.1:4173
2026-07-06T16:45:36: http://127.0.0.1:4173
2026-07-06T16:46:12: 2026-07-06T08:46:11.999Z INFO registry.refreshed projectsDir=/Users/za-stanlexu/Desktop/ff/h/projects appCount=2 apps=[{"appId":"PROJ1a27aaee2706ff54","appName":"afternoon-greeting","url":"http://127.0.0.1:4173/apps/PROJ1a27aaee2706ff54/"},{"appId":"PROJf83506c9af0b4eb2","appName":"quote-page","url":"http://127.0.0.1:4173/apps/PROJf83506c9af0b4eb2/"}]
2026-07-06T16:46:12: 2026-07-06T08:46:12.002Z INFO auth.session_resolved requestId=4326cb67-1fde-4dc9-820d-2b15058b01ca path=/apps/PROJ1a27aaee2706ff54 authSource=cookie result=present
2026-07-06T16:46:12: 2026-07-06T08:46:12.178Z INFO request.completed requestId=4326cb67-1fde-4dc9-820d-2b15058b01ca method=GET path=/apps/PROJ1a27aaee2706ff54 statusCode=200 durationMs=181 routeType=app-shell appId=PROJ1a27aaee2706ff54
2026-07-06T16:46:12: 2026-07-06T08:46:12.203Z INFO auth.session_resolved requestId=6c4c43a3-00d3-4b6f-92ab-16f73dd80fb5 path=/apps/PROJ1a27aaee2706ff54/content/ authSource=cookie result=present
2026-07-06T16:46:12: 2026-07-06T08:46:12.206Z INFO request.completed requestId=9b21d102-2e08-45ee-a3c9-3c7344e97c9f method=GET path=/__plugin-dist/plugin.css statusCode=200 durationMs=2 routeType=plugin-dist
2026-07-06T16:46:12: 2026-07-06T08:46:12.206Z INFO request.completed requestId=99c1505c-bf31-40d3-8cd1-3be417dc7a13 method=GET path=/__runtime/plugin-bridge.js statusCode=200 durationMs=1 routeType=runtime-asset
2026-07-06T16:46:12: 2026-07-06T08:46:12.207Z INFO request.completed requestId=aa2731de-b1d5-4b36-9c53-99797167d079 method=GET path=/__plugin-dist/plugin.js statusCode=200 durationMs=2 routeType=plugin-dist
2026-07-06T16:46:12: 2026-07-06T08:46:12.234Z INFO request.completed requestId=f70b3de5-4061-4fb3-ade7-87683c5602fe method=GET path=/.well-known/appspecific/com.chrome.devtools.json statusCode=404 durationMs=1 routeType=unknown
2026-07-06T16:46:12: 2026-07-06T08:46:12.260Z INFO request.completed requestId=6c4c43a3-00d3-4b6f-92ab-16f73dd80fb5 method=GET path=/apps/PROJ1a27aaee2706ff54/content/ statusCode=200 durationMs=58 routeType=app-content appId=PROJ1a27aaee2706ff54
2026-07-06T16:46:12: 2026-07-06T08:46:12.266Z INFO request.completed requestId=69b58b3e-28e7-4d4d-a417-37180a825275 method=GET path=/apps/PROJ1a27aaee2706ff54/content/assets/index-B1CHXOe2.js statusCode=200 durationMs=2 routeType=app-content appId=PROJ1a27aaee2706ff54
2026-07-06T16:46:12: 2026-07-06T08:46:12.267Z INFO request.completed requestId=655fd303-5b9f-4116-b859-ed2b42f6a2db method=GET path=/apps/PROJ1a27aaee2706ff54/content/assets/vendor-BSSq3oPG.js statusCode=200 durationMs=2 routeType=app-content appId=PROJ1a27aaee2706ff54
2026-07-06T16:46:12: 2026-07-06T08:46:12.267Z INFO request.completed requestId=efa46b33-226a-4e1c-89d2-adcbf2918283 method=GET path=/apps/PROJ1a27aaee2706ff54/content/assets/index-D21UXxMd.css statusCode=200 durationMs=2 routeType=app-content appId=PROJ1a27aaee2706ff54
2026-07-06T16:46:12: 2026-07-06T08:46:12.268Z INFO request.completed requestId=542cf736-9957-4a7d-9e9e-08282891ace1 method=GET path=/apps/PROJ1a27aaee2706ff54/content/assets/react-CcMma8L9.js statusCode=200 durationMs=3 routeType=app-content appId=PROJ1a27aaee2706ff54
2026-07-06T16:46:17: 2026-07-06T08:46:17.941Z INFO proxy.completed requestId=e7471e8b-2b87-4fd0-9cbc-d580c34de287 method=GET path=/__plugin/share/config upstreamOrigin=http://localhost:8080 targetPath=/api/app-center/projects/PROJ1a27aaee2706ff54/share statusCode=200 durationMs=243
2026-07-06T16:46:17: 2026-07-06T08:46:17.942Z INFO request.completed requestId=e7471e8b-2b87-4fd0-9cbc-d580c34de287 method=GET path=/__plugin/share/config statusCode=200 durationMs=246 routeType=plugin-share
2026-07-06T16:46:23: 2026-07-06T08:46:23.665Z INFO proxy.completed requestId=2bc3f7aa-e067-4991-a25b-39fc94e7df89 method=POST path=/__plugin/share/submit upstreamOrigin=http://localhost:8080 targetPath=/api/app-center/projects/PROJ1a27aaee2706ff54/share statusCode=200 durationMs=182
2026-07-06T16:46:23: 2026-07-06T08:46:23.667Z INFO request.completed requestId=2bc3f7aa-e067-4991-a25b-39fc94e7df89 method=POST path=/__plugin/share/submit statusCode=200 durationMs=186 routeType=plugin-share
2026-07-06T16:46:48: 2026-07-06T08:46:48.374Z INFO proxy.completed requestId=ed57698d-36d7-4df4-a03d-dd151b97de8b method=GET path=/__plugin/share/search-users upstreamOrigin=http://localhost:8080 targetPath=/api/botWeb/admin/uc/user?username=a statusCode=200 durationMs=476
2026-07-06T16:46:48: 2026-07-06T08:46:48.391Z INFO request.completed requestId=ed57698d-36d7-4df4-a03d-dd151b97de8b method=GET path=/__plugin/share/search-users statusCode=200 durationMs=494 routeType=plugin-share
2026-07-06T16:46:48: 2026-07-06T08:46:48.918Z INFO proxy.completed requestId=8ea1f3c1-c923-4127-a231-80cc6d66d02b method=GET path=/__plugin/share/search-users upstreamOrigin=http://localhost:8080 targetPath=/api/botWeb/admin/uc/user?username=a statusCode=200 durationMs=265
2026-07-06T16:46:48: 2026-07-06T08:46:48.919Z INFO request.completed requestId=8ea1f3c1-c923-4127-a231-80cc6d66d02b method=GET path=/__plugin/share/search-users statusCode=200 durationMs=266 routeType=plugin-share
2026-07-06T16:46:49: 2026-07-06T08:46:49.622Z INFO proxy.completed requestId=399196ca-95ee-4294-ae1e-b1a8551b446a method=GET path=/__plugin/share/search-users upstreamOrigin=http://localhost:8080 targetPath=/api/botWeb/admin/uc/user?username=za statusCode=200 durationMs=238
2026-07-06T16:46:49: 2026-07-06T08:46:49.626Z INFO request.completed requestId=399196ca-95ee-4294-ae1e-b1a8551b446a method=GET path=/__plugin/share/search-users statusCode=200 durationMs=242 routeType=plugin-share
2026-07-06T16:46:50: 2026-07-06T08:46:50.243Z INFO proxy.completed requestId=c1cc5f91-5a1b-47ac-8d2a-d7c50e30eac4 method=GET path=/__plugin/share/search-users upstreamOrigin=http://localhost:8080 targetPath=/api/botWeb/admin/uc/user?username=za- statusCode=200 durationMs=200
2026-07-06T16:46:50: 2026-07-06T08:46:50.244Z INFO request.completed requestId=c1cc5f91-5a1b-47ac-8d2a-d7c50e30eac4 method=GET path=/__plugin/share/search-users statusCode=200 durationMs=201 routeType=plugin-share
2026-07-06T16:46:51: 2026-07-06T08:46:51.817Z INFO proxy.completed requestId=4fa94d3e-4cdf-4ee0-bdd7-fed452564d5e method=GET path=/__plugin/share/search-users upstreamOrigin=http://localhost:8080 targetPath=/api/botWeb/admin/uc/user?username=za-rongjie statusCode=200 durationMs=468
2026-07-06T16:46:51: 2026-07-06T08:46:51.818Z INFO request.completed requestId=4fa94d3e-4cdf-4ee0-bdd7-fed452564d5e method=GET path=/__plugin/share/search-users statusCode=200 durationMs=469 routeType=plugin-share
2026-07-06T16:46:52: 2026-07-06T08:46:52.370Z INFO proxy.completed requestId=a3380b54-f437-42fb-ab84-be0113a24b29 method=GET path=/__plugin/share/search-users upstreamOrigin=http://localhost:8080 targetPath=/api/botWeb/admin/uc/user?username=za-rongjie001 statusCode=200 durationMs=238
2026-07-06T16:46:52: 2026-07-06T08:46:52.371Z INFO request.completed requestId=a3380b54-f437-42fb-ab84-be0113a24b29 method=GET path=/__plugin/share/search-users statusCode=200 durationMs=239 routeType=plugin-share
2026-07-06T16:46:55: 2026-07-06T08:46:55.831Z INFO proxy.completed requestId=9cc2f922-ae14-4ed0-98a4-f9ea7581d152 method=GET path=/__plugin/share/search-users upstreamOrigin=http://localhost:8080 targetPath=/api/botWeb/admin/uc/user?username=za-rongjie00 statusCode=200 durationMs=473
2026-07-06T16:46:55: 2026-07-06T08:46:55.833Z INFO request.completed requestId=9cc2f922-ae14-4ed0-98a4-f9ea7581d152 method=GET path=/__plugin/share/search-users statusCode=200 durationMs=475 routeType=plugin-share
2026-07-06T16:46:56: 2026-07-06T08:46:56.166Z INFO proxy.completed requestId=943f3d5f-b374-4223-9e04-21a802db4bcd method=GET path=/__plugin/share/search-users upstreamOrigin=http://localhost:8080 targetPath=/api/botWeb/admin/uc/user?username=za-rongjie0 statusCode=200 durationMs=291
2026-07-06T16:46:56: 2026-07-06T08:46:56.167Z INFO request.completed requestId=943f3d5f-b374-4223-9e04-21a802db4bcd method=GET path=/__plugin/share/search-users statusCode=200 durationMs=292 routeType=plugin-share
2026-07-06T16:46:58: 2026-07-06T08:46:58.122Z INFO proxy.completed requestId=0048ec14-4a51-4292-98fc-4ab9e22df742 method=GET path=/__plugin/share/search-users upstreamOrigin=http://localhost:8080 targetPath=/api/botWeb/admin/uc/user?username=za statusCode=200 durationMs=294
2026-07-06T16:46:58: 2026-07-06T08:46:58.124Z INFO request.completed requestId=0048ec14-4a51-4292-98fc-4ab9e22df742 method=GET path=/__plugin/share/search-users statusCode=200 durationMs=297 routeType=plugin-share
2026-07-06T16:46:58: 2026-07-06T08:46:58.978Z INFO proxy.completed requestId=da1caf9d-dd5d-495f-b55c-9d0c5fac6ef8 method=GET path=/__plugin/share/search-users upstreamOrigin=http://localhost:8080 targetPath=/api/botWeb/admin/uc/user?username=za-x statusCode=200 durationMs=181
2026-07-06T16:46:58: 2026-07-06T08:46:58.979Z INFO request.completed requestId=da1caf9d-dd5d-495f-b55c-9d0c5fac6ef8 method=GET path=/__plugin/share/search-users statusCode=200 durationMs=182 routeType=plugin-share
2026-07-06T16:46:59: 2026-07-06T08:46:59.542Z INFO proxy.completed requestId=1e11acad-e99e-4c51-9ac1-8af10842ae1d method=GET path=/__plugin/share/search-users upstreamOrigin=http://localhost:8080 targetPath=/api/botWeb/admin/uc/user?username=za-s statusCode=200 durationMs=223
2026-07-06T16:46:59: 2026-07-06T08:46:59.542Z INFO request.completed requestId=1e11acad-e99e-4c51-9ac1-8af10842ae1d method=GET path=/__plugin/share/search-users statusCode=200 durationMs=223 routeType=plugin-share
2026-07-06T16:47:01: 2026-07-06T08:47:01.295Z INFO proxy.completed requestId=92f85df2-1ec0-436d-8f4b-eb48738aea22 method=GET path=/__plugin/share/search-users upstreamOrigin=http://localhost:8080 targetPath=/api/botWeb/admin/uc/user?username=za-stanleyxu statusCode=200 durationMs=460
2026-07-06T16:47:01: 2026-07-06T08:47:01.296Z INFO request.completed requestId=92f85df2-1ec0-436d-8f4b-eb48738aea22 method=GET path=/__plugin/share/search-users statusCode=200 durationMs=461 routeType=plugin-share
2026-07-06T16:47:05: 2026-07-06T08:47:05.669Z INFO proxy.completed requestId=60828907-3bec-4df0-8a05-53e0dd457749 method=GET path=/__plugin/share/search-users upstreamOrigin=http://localhost:8080 targetPath=/api/botWeb/admin/uc/user?username=za-stanleyx statusCode=200 durationMs=441
2026-07-06T16:47:05: 2026-07-06T08:47:05.670Z INFO request.completed requestId=60828907-3bec-4df0-8a05-53e0dd457749 method=GET path=/__plugin/share/search-users statusCode=200 durationMs=442 routeType=plugin-share
2026-07-06T17:01:55: 2026-07-06T09:01:55.004Z INFO auth.session_resolved requestId=b50abece-f57a-419d-9d09-024691baa259 path=/apps/PROJ1a27aaee2706ff54 authSource=cookie result=present
2026-07-06T17:01:55: 2026-07-06T09:01:55.211Z INFO request.completed requestId=b50abece-f57a-419d-9d09-024691baa259 method=GET path=/apps/PROJ1a27aaee2706ff54 statusCode=200 durationMs=213 routeType=app-shell appId=PROJ1a27aaee2706ff54
2026-07-06T17:01:55: 2026-07-06T09:01:55.229Z INFO auth.session_resolved requestId=a02aefbb-eb01-4979-bce1-0cead1f4d10f path=/apps/PROJ1a27aaee2706ff54/content/ authSource=cookie result=present
2026-07-06T17:01:55: 2026-07-06T09:01:55.233Z INFO request.completed requestId=cb370d57-7b23-4b9c-a1bc-38a5058422ea method=GET path=/__plugin-dist/plugin.css statusCode=200 durationMs=3 routeType=plugin-dist
2026-07-06T17:01:55: 2026-07-06T09:01:55.234Z INFO request.completed requestId=0cc04f1b-a545-4546-9c75-f3206de341f2 method=GET path=/__plugin-dist/plugin.js statusCode=200 durationMs=2 routeType=plugin-dist
2026-07-06T17:01:55: 2026-07-06T09:01:55.234Z INFO request.completed requestId=92a59aa2-af3e-44b6-a6ee-71f5f3d3dfb7 method=GET path=/__runtime/plugin-bridge.js statusCode=200 durationMs=2 routeType=runtime-asset
2026-07-06T17:01:55: 2026-07-06T09:01:55.260Z INFO request.completed requestId=3dc80e2b-e88d-4abe-884b-e55686308f11 method=GET path=/.well-known/appspecific/com.chrome.devtools.json statusCode=404 durationMs=1 routeType=unknown
2026-07-06T17:01:55: 2026-07-06T09:01:55.284Z INFO request.completed requestId=a02aefbb-eb01-4979-bce1-0cead1f4d10f method=GET path=/apps/PROJ1a27aaee2706ff54/content/ statusCode=200 durationMs=56 routeType=app-content appId=PROJ1a27aaee2706ff54
2026-07-06T17:01:55: 2026-07-06T09:01:55.295Z INFO request.completed requestId=cf5d82d6-05d7-4a51-b78d-2fad4f42c6d6 method=GET path=/apps/PROJ1a27aaee2706ff54/content/assets/index-B1CHXOe2.js statusCode=200 durationMs=6 routeType=app-content appId=PROJ1a27aaee2706ff54
2026-07-06T17:01:55: 2026-07-06T09:01:55.296Z INFO request.completed requestId=b0732b01-be6b-423d-bb41-1dc347603a0f method=GET path=/apps/PROJ1a27aaee2706ff54/content/assets/vendor-BSSq3oPG.js statusCode=200 durationMs=6 routeType=app-content appId=PROJ1a27aaee2706ff54
2026-07-06T17:01:55: 2026-07-06T09:01:55.299Z INFO request.completed requestId=d8535f25-35d6-46ca-92f5-ada386d14ac8 method=GET path=/apps/PROJ1a27aaee2706ff54/content/assets/index-D21UXxMd.css statusCode=200 durationMs=8 routeType=app-content appId=PROJ1a27aaee2706ff54
2026-07-06T17:01:55: 2026-07-06T09:01:55.301Z INFO request.completed requestId=6557bfd6-57c5-478d-a835-e4485855de53 method=GET path=/apps/PROJ1a27aaee2706ff54/content/assets/react-CcMma8L9.js statusCode=200 durationMs=11 routeType=app-content appId=PROJ1a27aaee2706ff54
2026-07-06T17:01:57: 2026-07-06T09:01:57.029Z INFO auth.session_resolved requestId=e3e1736b-1324-4821-aabd-d9be5c0bafaf path=/apps/PROJ1a27aaee2706ff54 authSource=cookie result=present
2026-07-06T17:01:57: 2026-07-06T09:01:57.089Z INFO request.completed requestId=e3e1736b-1324-4821-aabd-d9be5c0bafaf method=GET path=/apps/PROJ1a27aaee2706ff54 statusCode=200 durationMs=61 routeType=app-shell appId=PROJ1a27aaee2706ff54
2026-07-06T17:01:57: 2026-07-06T09:01:57.106Z INFO request.completed requestId=9fe834cf-994a-450b-915c-d0356ad5b350 method=GET path=/.well-known/appspecific/com.chrome.devtools.json statusCode=404 durationMs=0 routeType=unknown
2026-07-06T17:01:57: 2026-07-06T09:01:57.109Z INFO auth.session_resolved requestId=daa421c6-d4a6-4a7c-92bc-be6c7fdd5054 path=/apps/PROJ1a27aaee2706ff54/content/ authSource=cookie result=present
2026-07-06T17:01:57: 2026-07-06T09:01:57.111Z INFO request.completed requestId=3ea1dd93-aa65-4b11-919d-dbd77e5160b8 method=GET path=/__plugin-dist/plugin.css statusCode=200 durationMs=6 routeType=plugin-dist
2026-07-06T17:01:57: 2026-07-06T09:01:57.112Z INFO request.completed requestId=9b1b1777-e9f2-47a5-8889-c836683030fc method=GET path=/__runtime/plugin-bridge.js statusCode=200 durationMs=5 routeType=runtime-asset
2026-07-06T17:01:57: 2026-07-06T09:01:57.113Z INFO request.completed requestId=8017c6a2-b60f-4bea-803c-8d508f4a66ec method=GET path=/__plugin-dist/plugin.js statusCode=200 durationMs=6 routeType=plugin-dist
2026-07-06T17:01:57: 2026-07-06T09:01:57.236Z INFO request.completed requestId=daa421c6-d4a6-4a7c-92bc-be6c7fdd5054 method=GET path=/apps/PROJ1a27aaee2706ff54/content/ statusCode=200 durationMs=128 routeType=app-content appId=PROJ1a27aaee2706ff54
2026-07-06T17:01:57: 2026-07-06T09:01:57.246Z INFO request.completed requestId=4445fc95-af9e-4d41-9303-9cbae3bdc9cc method=GET path=/apps/PROJ1a27aaee2706ff54/content/assets/index-B1CHXOe2.js statusCode=200 durationMs=5 routeType=app-content appId=PROJ1a27aaee2706ff54
2026-07-06T17:01:57: 2026-07-06T09:01:57.247Z INFO request.completed requestId=f70b68f3-5ef4-4b41-b6f8-dbb46da8167c method=GET path=/apps/PROJ1a27aaee2706ff54/content/assets/vendor-BSSq3oPG.js statusCode=200 durationMs=4 routeType=app-content appId=PROJ1a27aaee2706ff54
2026-07-06T17:01:57: 2026-07-06T09:01:57.248Z INFO request.completed requestId=ebb2d0b2-f5c5-4a8f-b089-dc5c4acbfc17 method=GET path=/apps/PROJ1a27aaee2706ff54/content/assets/index-D21UXxMd.css statusCode=200 durationMs=4 routeType=app-content appId=PROJ1a27aaee2706ff54
2026-07-06T17:01:57: 2026-07-06T09:01:57.252Z INFO request.completed requestId=1d747a0e-4fbe-4662-aa31-31f5b9ef5612 method=GET path=/apps/PROJ1a27aaee2706ff54/content/assets/react-CcMma8L9.js statusCode=200 durationMs=10 routeType=app-content appId=PROJ1a27aaee2706ff54
2026-07-06T17:01:58: 2026-07-06T09:01:58.516Z INFO proxy.completed requestId=7d6d8405-cd1f-4504-8f23-562cf36b691a method=GET path=/__plugin/share/config upstreamOrigin=http://localhost:8080 targetPath=/api/app-center/projects/PROJ1a27aaee2706ff54/share statusCode=200 durationMs=225
2026-07-06T17:01:58: 2026-07-06T09:01:58.517Z INFO request.completed requestId=7d6d8405-cd1f-4504-8f23-562cf36b691a method=GET path=/__plugin/share/config statusCode=200 durationMs=227 routeType=plugin-share
2026-07-06T17:02:04: 2026-07-06T09:02:04.729Z INFO proxy.completed requestId=2b2fb96c-f8cb-4e17-944f-ea2137195a6d method=POST path=/__plugin/share/submit upstreamOrigin=http://localhost:8080 targetPath=/api/app-center/projects/PROJ1a27aaee2706ff54/share statusCode=200 durationMs=270
2026-07-06T17:02:04: 2026-07-06T09:02:04.729Z INFO request.completed requestId=2b2fb96c-f8cb-4e17-944f-ea2137195a6d method=POST path=/__plugin/share/submit statusCode=200 durationMs=272 routeType=plugin-share
2026-07-06T17:02:12: 2026-07-06T09:02:12.922Z INFO proxy.completed requestId=8427204c-f475-4e0e-b590-f1c41abaffef method=GET path=/__plugin/share/search-users upstreamOrigin=http://localhost:8080 targetPath=/api/botWeb/admin/uc/user?username=za statusCode=200 durationMs=685
2026-07-06T17:02:12: 2026-07-06T09:02:12.923Z INFO request.completed requestId=8427204c-f475-4e0e-b590-f1c41abaffef method=GET path=/__plugin/share/search-users statusCode=200 durationMs=686 routeType=plugin-share
2026-07-06T17:02:13: 2026-07-06T09:02:13.150Z INFO proxy.completed requestId=343f3580-499c-4222-9276-4a2afa42b8c0 method=GET path=/__plugin/share/search-users upstreamOrigin=http://localhost:8080 targetPath=/api/botWeb/admin/uc/user?username=za statusCode=200 durationMs=423
2026-07-06T17:02:13: 2026-07-06T09:02:13.151Z INFO request.completed requestId=343f3580-499c-4222-9276-4a2afa42b8c0 method=GET path=/__plugin/share/search-users statusCode=200 durationMs=424 routeType=plugin-share
2026-07-06T17:02:15: 2026-07-06T09:02:15.277Z INFO proxy.completed requestId=25c49305-b25e-46d3-a72d-ac0f01878e76 method=GET path=/__plugin/share/search-users upstreamOrigin=http://localhost:8080 targetPath=/api/botWeb/admin/uc/user?username=za-stanleyxu statusCode=200 durationMs=243
2026-07-06T17:02:15: 2026-07-06T09:02:15.278Z INFO request.completed requestId=25c49305-b25e-46d3-a72d-ac0f01878e76 method=GET path=/__plugin/share/search-users statusCode=200 durationMs=245 routeType=plugin-share
2026-07-06T17:02:18: 2026-07-06T09:02:18.168Z INFO proxy.completed requestId=fc804d7c-ba0b-4d69-9d10-4988b35105ba method=GET path=/__plugin/share/search-users upstreamOrigin=http://localhost:8080 targetPath=/api/botWeb/admin/uc/user?username=za-stanleyx statusCode=200 durationMs=419
2026-07-06T17:02:18: 2026-07-06T09:02:18.169Z INFO request.completed requestId=fc804d7c-ba0b-4d69-9d10-4988b35105ba method=GET path=/__plugin/share/search-users statusCode=200 durationMs=420 routeType=plugin-share
2026-07-06T17:02:20: 2026-07-06T09:02:20.456Z INFO proxy.completed requestId=c7024c87-8915-42bd-9e1a-bc74b5a7e6ab method=GET path=/__plugin/share/search-users upstreamOrigin=http://localhost:8080 targetPath=/api/botWeb/admin/uc/user?username=rongjie statusCode=200 durationMs=347
2026-07-06T17:02:20: 2026-07-06T09:02:20.457Z INFO request.completed requestId=c7024c87-8915-42bd-9e1a-bc74b5a7e6ab method=GET path=/__plugin/share/search-users statusCode=200 durationMs=348 routeType=plugin-share
2026-07-06T17:02:21: 2026-07-06T09:02:21.551Z INFO proxy.completed requestId=30f7ac6a-660f-4c47-abbc-d557014af43a method=GET path=/__plugin/share/search-users upstreamOrigin=http://localhost:8080 targetPath=/api/botWeb/admin/uc/user?username=rongji statusCode=200 durationMs=200
2026-07-06T17:02:21: 2026-07-06T09:02:21.552Z INFO request.completed requestId=30f7ac6a-660f-4c47-abbc-d557014af43a method=GET path=/__plugin/share/search-users statusCode=200 durationMs=201 routeType=plugin-share
2026-07-06T17:02:22: 2026-07-06T09:02:22.563Z INFO proxy.completed requestId=c894220d-052f-46ed-ab73-0f313c33336a method=GET path=/__plugin/share/search-users upstreamOrigin=http://localhost:8080 targetPath=/api/botWeb/admin/uc/user?username=za statusCode=200 durationMs=178
2026-07-06T17:02:22: 2026-07-06T09:02:22.565Z INFO request.completed requestId=c894220d-052f-46ed-ab73-0f313c33336a method=GET path=/__plugin/share/search-users statusCode=200 durationMs=180 routeType=plugin-share
2026-07-06T17:02:24: 2026-07-06T09:02:24.217Z INFO proxy.completed requestId=36a6c990-f1cf-43f8-8f0b-4b43b87d71a1 method=GET path=/__plugin/share/search-users upstreamOrigin=http://localhost:8080 targetPath=/api/botWeb/admin/uc/user?username=za-rongjie statusCode=200 durationMs=514
2026-07-06T17:02:24: 2026-07-06T09:02:24.218Z INFO request.completed requestId=36a6c990-f1cf-43f8-8f0b-4b43b87d71a1 method=GET path=/__plugin/share/search-users statusCode=200 durationMs=515 routeType=plugin-share
2026-07-06T17:02:24: 2026-07-06T09:02:24.777Z INFO proxy.completed requestId=abde6642-9a9f-490b-af44-518d8820b08b method=GET path=/__plugin/share/search-users upstreamOrigin=http://localhost:8080 targetPath=/api/botWeb/admin/uc/user?username=za-rongjie001 statusCode=200 durationMs=349
2026-07-06T17:02:24: 2026-07-06T09:02:24.778Z INFO request.completed requestId=abde6642-9a9f-490b-af44-518d8820b08b method=GET path=/__plugin/share/search-users statusCode=200 durationMs=350 routeType=plugin-share
2026-07-06T17:02:27: 2026-07-06T09:02:27.822Z INFO proxy.completed requestId=2467fd46-4cab-40db-a5f9-03a918858db1 method=GET path=/__plugin/share/search-users upstreamOrigin=http://localhost:8080 targetPath=/api/botWeb/admin/uc/user?username=za-rongjie00 statusCode=200 durationMs=318
2026-07-06T17:02:27: 2026-07-06T09:02:27.824Z INFO request.completed requestId=2467fd46-4cab-40db-a5f9-03a918858db1 method=GET path=/__plugin/share/search-users statusCode=200 durationMs=320 routeType=plugin-share
2026-07-06T17:04:39: 2026-07-06T09:04:39.446Z INFO auth.session_resolved requestId=be4bfb30-0ab8-4d0f-a12a-6bf31cf4b42e path=/apps/PROJ1a27aaee2706ff54 authSource=cookie result=present
2026-07-06T17:04:39: 2026-07-06T09:04:39.652Z INFO request.completed requestId=be4bfb30-0ab8-4d0f-a12a-6bf31cf4b42e method=GET path=/apps/PROJ1a27aaee2706ff54 statusCode=200 durationMs=212 routeType=app-shell appId=PROJ1a27aaee2706ff54
2026-07-06T17:04:39: 2026-07-06T09:04:39.666Z INFO request.completed requestId=216d5afd-b425-4b4e-9469-83e4c7af8a20 method=GET path=/__plugin-dist/plugin.css statusCode=200 durationMs=3 routeType=plugin-dist
2026-07-06T17:04:39: 2026-07-06T09:04:39.667Z INFO auth.session_resolved requestId=0b948d4c-7a1e-4f0e-9189-4dd966e49ae9 path=/apps/PROJ1a27aaee2706ff54/content/ authSource=cookie result=present
2026-07-06T17:04:39: 2026-07-06T09:04:39.671Z INFO request.completed requestId=468523fe-9991-44be-9eb6-743c78c861f7 method=GET path=/__runtime/plugin-bridge.js statusCode=200 durationMs=1 routeType=runtime-asset
2026-07-06T17:04:39: 2026-07-06T09:04:39.672Z INFO request.completed requestId=1d52afeb-8902-419f-9dd4-9cb96702a033 method=GET path=/__plugin-dist/plugin.js statusCode=200 durationMs=3 routeType=plugin-dist
2026-07-06T17:04:39: 2026-07-06T09:04:39.686Z INFO request.completed requestId=7e4e51e2-a36f-414a-9776-f480106c6b03 method=GET path=/.well-known/appspecific/com.chrome.devtools.json statusCode=404 durationMs=1 routeType=unknown
2026-07-06T17:04:39: 2026-07-06T09:04:39.932Z INFO request.completed requestId=0b948d4c-7a1e-4f0e-9189-4dd966e49ae9 method=GET path=/apps/PROJ1a27aaee2706ff54/content/ statusCode=200 durationMs=266 routeType=app-content appId=PROJ1a27aaee2706ff54
2026-07-06T17:04:39: 2026-07-06T09:04:39.944Z INFO request.completed requestId=c3e1c1bf-85c3-40ba-b43b-ec277d5ccf90 method=GET path=/apps/PROJ1a27aaee2706ff54/content/assets/index-B1CHXOe2.js statusCode=200 durationMs=5 routeType=app-content appId=PROJ1a27aaee2706ff54
2026-07-06T17:04:39: 2026-07-06T09:04:39.944Z INFO request.completed requestId=c3cabf45-79da-4b29-9189-3033c7d6e54a method=GET path=/apps/PROJ1a27aaee2706ff54/content/assets/index-D21UXxMd.css statusCode=200 durationMs=2 routeType=app-content appId=PROJ1a27aaee2706ff54
2026-07-06T17:04:39: 2026-07-06T09:04:39.944Z INFO request.completed requestId=0876fbea-175a-4699-a572-c54b97c1f28f method=GET path=/apps/PROJ1a27aaee2706ff54/content/assets/vendor-BSSq3oPG.js statusCode=200 durationMs=3 routeType=app-content appId=PROJ1a27aaee2706ff54
2026-07-06T17:04:39: 2026-07-06T09:04:39.945Z INFO request.completed requestId=218e7c70-f325-4b81-8168-3b6122d880a0 method=GET path=/apps/PROJ1a27aaee2706ff54/content/assets/react-CcMma8L9.js statusCode=200 durationMs=5 routeType=app-content appId=PROJ1a27aaee2706ff54
2026-07-06T17:04:42: 2026-07-06T09:04:42.377Z INFO proxy.completed requestId=a6eb8606-65e2-4975-b36f-782324e05a28 method=GET path=/__plugin/share/config upstreamOrigin=http://localhost:8080 targetPath=/api/app-center/projects/PROJ1a27aaee2706ff54/share statusCode=200 durationMs=282
2026-07-06T17:04:42: 2026-07-06T09:04:42.378Z INFO request.completed requestId=a6eb8606-65e2-4975-b36f-782324e05a28 method=GET path=/__plugin/share/config statusCode=200 durationMs=283 routeType=plugin-share
2026-07-06T17:04:48: 2026-07-06T09:04:48.862Z INFO proxy.completed requestId=eb3bf744-0f53-413a-9d64-d477dc49e7e0 method=GET path=/__plugin/share/search-users upstreamOrigin=http://localhost:8080 targetPath=/api/botWeb/admin/uc/user?username=za statusCode=200 durationMs=472
2026-07-06T17:04:48: 2026-07-06T09:04:48.862Z INFO request.completed requestId=eb3bf744-0f53-413a-9d64-d477dc49e7e0 method=GET path=/__plugin/share/search-users statusCode=200 durationMs=472 routeType=plugin-share
2026-07-06T17:04:49: 2026-07-06T09:04:49.079Z INFO proxy.completed requestId=c56e1852-a5f5-498f-beeb-e09a688a60bf method=GET path=/__plugin/share/search-users upstreamOrigin=http://localhost:8080 targetPath=/api/botWeb/admin/uc/user?username=za statusCode=200 durationMs=222
2026-07-06T17:04:49: 2026-07-06T09:04:49.080Z INFO request.completed requestId=c56e1852-a5f5-498f-beeb-e09a688a60bf method=GET path=/__plugin/share/search-users statusCode=200 durationMs=223 routeType=plugin-share
2026-07-06T17:04:49: 2026-07-06T09:04:49.745Z INFO proxy.completed requestId=fbeb7c8b-fa78-4051-82ff-c0d6505e29db method=GET path=/__plugin/share/search-users upstreamOrigin=http://localhost:8080 targetPath=/api/botWeb/admin/uc/user?username=za-s statusCode=200 durationMs=221
2026-07-06T17:04:49: 2026-07-06T09:04:49.747Z INFO request.completed requestId=fbeb7c8b-fa78-4051-82ff-c0d6505e29db method=GET path=/__plugin/share/search-users statusCode=200 durationMs=223 routeType=plugin-share
2026-07-06T17:04:52: 2026-07-06T09:04:52.873Z INFO proxy.completed requestId=eb5c667b-f631-4d99-8d68-df2690421d35 method=GET path=/__plugin/share/search-users upstreamOrigin=http://localhost:8080 targetPath=/api/botWeb/admin/uc/user?username=za-stanleyxu statusCode=200 durationMs=366
2026-07-06T17:04:52: 2026-07-06T09:04:52.873Z INFO request.completed requestId=eb5c667b-f631-4d99-8d68-df2690421d35 method=GET path=/__plugin/share/search-users statusCode=200 durationMs=367 routeType=plugin-share
2026-07-06T17:04:58: 2026-07-06T09:04:58.469Z INFO proxy.completed requestId=23250266-0579-4c80-8f23-c88e21c999ff method=POST path=/__plugin/share/submit upstreamOrigin=http://localhost:8080 targetPath=/api/app-center/projects/PROJ1a27aaee2706ff54/share statusCode=200 durationMs=454
2026-07-06T17:04:58: 2026-07-06T09:04:58.470Z INFO request.completed requestId=23250266-0579-4c80-8f23-c88e21c999ff method=POST path=/__plugin/share/submit statusCode=200 durationMs=456 routeType=plugin-share
2026-07-06T17:06:45: 2026-07-06T09:06:45.164Z INFO proxy.completed requestId=a3c524de-f5f8-4370-b617-23600febba33 method=POST path=/__plugin/share/submit upstreamOrigin=http://localhost:8080 targetPath=/api/app-center/projects/provsupknvxoeuzh/share statusCode=200 durationMs=265
2026-07-06T17:06:45: 2026-07-06T09:06:45.168Z INFO request.completed requestId=a3c524de-f5f8-4370-b617-23600febba33 method=POST path=/__plugin/share/submit statusCode=200 durationMs=270 routeType=plugin-share
2026-07-06T17:07:20: 2026-07-06T09:07:20.581Z INFO proxy.completed requestId=97f036a9-2de1-4b01-83fa-573c89fa95b4 method=POST path=/__plugin/share/submit upstreamOrigin=http://localhost:8080 targetPath=/api/app-center/projects/PROJ1a27aaee2706ff54/share statusCode=200 durationMs=369
2026-07-06T17:07:20: 2026-07-06T09:07:20.582Z INFO request.completed requestId=97f036a9-2de1-4b01-83fa-573c89fa95b4 method=POST path=/__plugin/share/submit statusCode=200 durationMs=371 routeType=plugin-share
2026-07-06T17:07:28: 2026-07-06T09:07:28.377Z INFO proxy.completed requestId=4243d4e6-ff80-4300-868c-318e8e0d63a0 method=GET path=/__plugin/share/config upstreamOrigin=http://localhost:8080 targetPath=/api/app-center/projects/PROJ1a27aaee2706ff54/share statusCode=200 durationMs=154
2026-07-06T17:07:28: 2026-07-06T09:07:28.379Z INFO request.completed requestId=4243d4e6-ff80-4300-868c-318e8e0d63a0 method=GET path=/__plugin/share/config statusCode=200 durationMs=156 routeType=plugin-share
2026-07-06T17:07:33: 2026-07-06T09:07:33.283Z INFO proxy.completed requestId=2a190d7e-a265-44d0-a81c-1a3c84e4c558 method=GET path=/__plugin/share/config upstreamOrigin=http://localhost:8080 targetPath=/api/app-center/projects/PROJ1a27aaee2706ff54/share statusCode=200 durationMs=594
2026-07-06T17:07:33: 2026-07-06T09:07:33.288Z INFO request.completed requestId=2a190d7e-a265-44d0-a81c-1a3c84e4c558 method=GET path=/__plugin/share/config statusCode=200 durationMs=599 routeType=plugin-share
2026-07-06T17:07:43: 2026-07-06T09:07:43.009Z INFO proxy.completed requestId=65d19ddc-7f04-465d-b298-f6e7063a9311 method=GET path=/__plugin/share/config upstreamOrigin=http://localhost:8080 targetPath=/api/app-center/projects/PROJ1a27aaee2706ff54/share statusCode=200 durationMs=219
2026-07-06T17:07:43: 2026-07-06T09:07:43.009Z INFO request.completed requestId=65d19ddc-7f04-465d-b298-f6e7063a9311 method=GET path=/__plugin/share/config statusCode=200 durationMs=219 routeType=plugin-share
2026-07-06T17:08:45: 2026-07-06T09:08:45.296Z INFO request.completed requestId=f3bec7e6-a6e6-4c7e-b615-d2871794fce7 method=GET path=/__plugin-dist/plugin.css statusCode=200 durationMs=2 routeType=plugin-dist
2026-07-06T17:08:45: 2026-07-06T09:08:45.297Z INFO request.completed requestId=4bfbd98e-0fbc-47e4-b8a1-e990bac01499 method=GET path=/apps/PROJ1a27aaee2706ff54/content/assets/index-D21UXxMd.css statusCode=200 durationMs=6 routeType=app-content appId=PROJ1a27aaee2706ff54
2026-07-06T17:08:45: 2026-07-06T09:08:45.313Z INFO request.completed requestId=9dd45724-c3c0-440b-85ee-358019c6cda9 method=GET path=/.well-known/appspecific/com.chrome.devtools.json statusCode=404 durationMs=1 routeType=unknown
2026-07-06T17:08:46: 2026-07-06T09:08:46.804Z INFO proxy.completed requestId=0811c251-498c-45ab-bde2-f10d90506f36 method=GET path=/__plugin/share/config upstreamOrigin=http://localhost:8080 targetPath=/api/app-center/projects/PROJ1a27aaee2706ff54/share statusCode=200 durationMs=465
2026-07-06T17:08:46: 2026-07-06T09:08:46.806Z INFO request.completed requestId=0811c251-498c-45ab-bde2-f10d90506f36 method=GET path=/__plugin/share/config statusCode=200 durationMs=467 routeType=plugin-share
2026-07-06T17:09:53: 2026-07-06T09:09:53.928Z INFO proxy.completed requestId=25e68a05-0dd9-4fdc-ae19-7f6bbe649155 method=POST path=/__plugin/share/submit upstreamOrigin=http://localhost:8080 targetPath=/api/app-center/projects/PROJ1a27aaee2706ff54/share statusCode=200 durationMs=376
2026-07-06T17:09:53: 2026-07-06T09:09:53.933Z INFO request.completed requestId=25e68a05-0dd9-4fdc-ae19-7f6bbe649155 method=POST path=/__plugin/share/submit statusCode=200 durationMs=382 routeType=plugin-share
